Component: Arm Compiler for Embedded 6.21 Tool: armlink [5ec1fa00]

==============================================================================

Section Cross References

    startup_stm32g431xx.o(STACK) refers (Special) to heapauxi.o(.text) for __use_two_region_memory
    startup_stm32g431xx.o(HEAP) refers (Special) to heapauxi.o(.text) for __use_two_region_memory
    startup_stm32g431xx.o(RESET) refers (Special) to heapauxi.o(.text) for __use_two_region_memory
    startup_stm32g431xx.o(RESET) refers to startup_stm32g431xx.o(STACK) for __initial_sp
    startup_stm32g431xx.o(RESET) refers to startup_stm32g431xx.o(.text) for Reset_Handler
    startup_stm32g431xx.o(RESET) refers to stm32g4xx_it.o(.text.NMI_Handler) for NMI_Handler
    startup_stm32g431xx.o(RESET) refers to stm32g4xx_it.o(.text.HardFault_Handler) for HardFault_Handler
    startup_stm32g431xx.o(RESET) refers to stm32g4xx_it.o(.text.MemManage_Handler) for MemManage_Handler
    startup_stm32g431xx.o(RESET) refers to stm32g4xx_it.o(.text.BusFault_Handler) for BusFault_Handler
    startup_stm32g431xx.o(RESET) refers to stm32g4xx_it.o(.text.UsageFault_Handler) for UsageFault_Handler
    startup_stm32g431xx.o(RESET) refers to stm32g4xx_it.o(.text.SVC_Handler) for SVC_Handler
    startup_stm32g431xx.o(RESET) refers to stm32g4xx_it.o(.text.DebugMon_Handler) for DebugMon_Handler
    startup_stm32g431xx.o(RESET) refers to stm32g4xx_it.o(.text.PendSV_Handler) for PendSV_Handler
    startup_stm32g431xx.o(RESET) refers to stm32g4xx_it.o(.text.SysTick_Handler) for SysTick_Handler
    startup_stm32g431xx.o(RESET) refers to stm32g4xx_it.o(.text.ADC1_2_IRQHandler) for ADC1_2_IRQHandler
    startup_stm32g431xx.o(RESET) refers to stm32g4xx_it.o(.text.TIM6_DAC_IRQHandler) for TIM6_DAC_IRQHandler
    startup_stm32g431xx.o(.text) refers (Special) to heapauxi.o(.text) for __use_two_region_memory
    startup_stm32g431xx.o(.text) refers to system_stm32g4xx.o(.text.SystemInit) for SystemInit
    startup_stm32g431xx.o(.text) refers to __main.o(!!!main) for __main
    startup_stm32g431xx.o(.text) refers to startup_stm32g431xx.o(HEAP) for Heap_Mem
    startup_stm32g431xx.o(.text) refers to startup_stm32g431xx.o(STACK) for Stack_Mem
    main.o(.text.main) refers to stm32g4xx_hal.o(.text.HAL_Init) for HAL_Init
    main.o(.text.main) refers to stm32g4xx_hal_pwr_ex.o(.text.HAL_PWREx_ControlVoltageScaling) for HAL_PWREx_ControlVoltageScaling
    main.o(.text.main) refers to stm32g4xx_hal_rcc.o(.text.HAL_RCC_OscConfig) for HAL_RCC_OscConfig
    main.o(.text.main) refers to stm32g4xx_hal_rcc.o(.text.HAL_RCC_ClockConfig) for HAL_RCC_ClockConfig
    main.o(.text.main) refers to gpio.o(.text.MX_GPIO_Init) for MX_GPIO_Init
    main.o(.text.main) refers to adc.o(.text.MX_ADC2_Init) for MX_ADC2_Init
    main.o(.text.main) refers to tim.o(.text.MX_TIM6_Init) for MX_TIM6_Init
    main.o(.text.main) refers to led.o(.text.led_init) for led_init
    main.o(.text.main) refers to lcd.o(.text.LCD_Init) for LCD_Init
    main.o(.text.main) refers to lcd.o(.text.LCD_Clear) for LCD_Clear
    main.o(.text.main) refers to lcd.o(.text.LCD_SetBackColor) for LCD_SetBackColor
    main.o(.text.main) refers to lcd.o(.text.LCD_SetTextColor) for LCD_SetTextColor
    main.o(.ARM.exidx.text.main) refers to main.o(.text.main) for [Anonymous Symbol]
    main.o(.text.SystemClock_Config) refers to stm32g4xx_hal_pwr_ex.o(.text.HAL_PWREx_ControlVoltageScaling) for HAL_PWREx_ControlVoltageScaling
    main.o(.text.SystemClock_Config) refers to stm32g4xx_hal_rcc.o(.text.HAL_RCC_OscConfig) for HAL_RCC_OscConfig
    main.o(.text.SystemClock_Config) refers to stm32g4xx_hal_rcc.o(.text.HAL_RCC_ClockConfig) for HAL_RCC_ClockConfig
    main.o(.ARM.exidx.text.SystemClock_Config) refers to main.o(.text.SystemClock_Config) for [Anonymous Symbol]
    main.o(.ARM.exidx.text.Error_Handler) refers to main.o(.text.Error_Handler) for [Anonymous Symbol]
    gpio.o(.text.MX_GPIO_Init) refers to stm32g4xx_hal_gpio.o(.text.HAL_GPIO_Init) for HAL_GPIO_Init
    gpio.o(.ARM.exidx.text.MX_GPIO_Init) refers to gpio.o(.text.MX_GPIO_Init) for [Anonymous Symbol]
    adc.o(.text.MX_ADC2_Init) refers to adc.o(.bss.hadc2) for hadc2
    adc.o(.text.MX_ADC2_Init) refers to stm32g4xx_hal_adc.o(.text.HAL_ADC_Init) for HAL_ADC_Init
    adc.o(.text.MX_ADC2_Init) refers to main.o(.text.Error_Handler) for Error_Handler
    adc.o(.text.MX_ADC2_Init) refers to stm32g4xx_hal_adc.o(.text.HAL_ADC_ConfigChannel) for HAL_ADC_ConfigChannel
    adc.o(.ARM.exidx.text.MX_ADC2_Init) refers to adc.o(.text.MX_ADC2_Init) for [Anonymous Symbol]
    adc.o(.text.HAL_ADC_MspInit) refers to rt_memclr_w.o(.text) for __aeabi_memclr4
    adc.o(.text.HAL_ADC_MspInit) refers to stm32g4xx_hal_rcc_ex.o(.text.HAL_RCCEx_PeriphCLKConfig) for HAL_RCCEx_PeriphCLKConfig
    adc.o(.text.HAL_ADC_MspInit) refers to main.o(.text.Error_Handler) for Error_Handler
    adc.o(.text.HAL_ADC_MspInit) refers to stm32g4xx_hal_gpio.o(.text.HAL_GPIO_Init) for HAL_GPIO_Init
[...]
    Removing stm32g4xx_hal_tim.o(.ARM.exidx.text.HAL_TIM_Base_GetState), (8 bytes).
    Removing stm32g4xx_hal_tim.o(.text.HAL_TIM_OC_GetState), (6 bytes).
    Removing stm32g4xx_hal_tim.o(.ARM.exidx.text.HAL_TIM_OC_GetState), (8 bytes).
    Removing stm32g4xx_hal_tim.o(.text.HAL_TIM_PWM_GetState), (6 bytes).
    Removing stm32g4xx_hal_tim.o(.ARM.exidx.text.HAL_TIM_PWM_GetState), (8 bytes).
    Removing stm32g4xx_hal_tim.o(.text.HAL_TIM_IC_GetState), (6 bytes).
    Removing stm32g4xx_hal_tim.o(.ARM.exidx.text.HAL_TIM_IC_GetState), (8 bytes).
    Removing stm32g4xx_hal_tim.o(.text.HAL_TIM_OnePulse_GetState), (6 bytes).
    Removing stm32g4xx_hal_tim.o(.ARM.exidx.text.HAL_TIM_OnePulse_GetState), (8 bytes).
    Removing stm32g4xx_hal_tim.o(.text.HAL_TIM_Encoder_GetState), (6 bytes).
    Removing stm32g4xx_hal_tim.o(.ARM.exidx.text.HAL_TIM_Encoder_GetState), (8 bytes).
    Removing stm32g4xx_hal_tim.o(.text.HAL_TIM_GetActiveChannel), (4 bytes).
    Removing stm32g4xx_hal_tim.o(.ARM.exidx.text.HAL_TIM_GetActiveChannel), (8 bytes).
    Removing stm32g4xx_hal_tim.o(.text.HAL_TIM_GetChannelState), (54 bytes).
    Removing stm32g4xx_hal_tim.o(.ARM.exidx.text.HAL_TIM_GetChannelState), (8 bytes).
    Removing stm32g4xx_hal_tim.o(.text.HAL_TIM_DMABurstState), (6 bytes).
    Removing stm32g4xx_hal_tim.o(.ARM.exidx.text.HAL_TIM_DMABurstState), (8 bytes).
    Removing stm32g4xx_hal_tim.o(.rodata.cst16), (32 bytes).
    Removing stm32g4xx_hal_tim_ex.o(.text), (0 bytes).
    Removing stm32g4xx_hal_tim_ex.o(.text.HAL_TIMEx_HallSensor_Init), (208 bytes).
    Removing stm32g4xx_hal_tim_ex.o(.ARM.exidx.text.HAL_TIMEx_HallSensor_Init), (8 bytes).
    Removing stm32g4xx_hal_tim_ex.o(.text.HAL_TIMEx_HallSensor_MspInit), (2 bytes).
    Removing stm32g4xx_hal_tim_ex.o(.ARM.exidx.text.HAL_TIMEx_HallSensor_MspInit), (8 bytes).
    Removing stm32g4xx_hal_tim_ex.o(.text.HAL_TIMEx_HallSensor_DeInit), (80 bytes).
    Removing stm32g4xx_hal_tim_ex.o(.ARM.exidx.text.HAL_TIMEx_HallSensor_DeInit), (8 bytes).
    Removing stm32g4xx_hal_tim_ex.o(.text.HAL_TIMEx_HallSensor_MspDeInit), (2 bytes).
    Removing stm32g4xx_hal_tim_ex.o(.ARM.exidx.text.HAL_TIMEx_HallSensor_MspDeInit), (8 bytes).
    Removing stm32g4xx_hal_tim_ex.o(.text.HAL_TIMEx_HallSensor_Start), (190 bytes).
    Removing stm32g4xx_hal_tim_ex.o(.ARM.exidx.text.HAL_TIMEx_HallSensor_Start), (8 bytes).
    Removing stm32g4xx_hal_tim_ex.o(.text.HAL_TIMEx_HallSensor_Stop), (66 bytes).
    Removing stm32g4xx_hal_tim_ex.o(.ARM.exidx.text.HAL_TIMEx_HallSensor_Stop), (8 bytes).
    Removing stm32g4xx_hal_tim_ex.o(.text.HAL_TIMEx_HallSensor_Start_IT), (198 bytes).
    Removing stm32g4xx_hal_tim_ex.o(.ARM.exidx.text.HAL_TIMEx_HallSensor_Start_IT), (8 bytes).
    Removing stm32g4xx_hal_tim_ex.o(.text.HAL_TIMEx_HallSensor_Stop_IT), (74 bytes).
    Removing stm32g4xx_hal_tim_ex.o(.ARM.exidx.text.HAL_TIMEx_HallSensor_Stop_IT), (8 bytes).
    Removing stm32g4xx_hal_tim_ex.o(.text.HAL_TIMEx_HallSensor_Start_DMA), (252 bytes).
    Removing stm32g4xx_hal_tim_ex.o(.ARM.exidx.text.HAL_TIMEx_HallSensor_Start_DMA), (8 bytes).
    Removing stm32g4xx_hal_tim_ex.o(.text.HAL_TIMEx_HallSensor_Stop_DMA), (74 bytes).
    Removing stm32g4xx_hal_tim_ex.o(.ARM.exidx.text.HAL_TIMEx_HallSensor_Stop_DMA), (8 bytes).
    Removing stm32g4xx_hal_tim_ex.o(.text.HAL_TIMEx_OCN_Start), (230 bytes).
    Removing stm32g4xx_hal_tim_ex.o(.ARM.exidx.text.HAL_TIMEx_OCN_Start), (8 bytes).
    Removing stm32g4xx_hal_tim_ex.o(.text.HAL_TIMEx_OCN_Stop), (136 bytes).
    Removing stm32g4xx_hal_tim_ex.o(.ARM.exidx.text.HAL_TIMEx_OCN_Stop), (8 bytes).
    Removing stm32g4xx_hal_tim_ex.o(.text.HAL_TIMEx_OCN_Start_IT), (264 bytes).
    Removing stm32g4xx_hal_tim_ex.o(.ARM.exidx.text.HAL_TIMEx_OCN_Start_IT), (8 bytes).
    Removing stm32g4xx_hal_tim_ex.o(.text.HAL_TIMEx_OCN_Stop_IT), (186 bytes).
    Removing stm32g4xx_hal_tim_ex.o(.ARM.exidx.text.HAL_TIMEx_OCN_Stop_IT), (8 bytes).
    Removing stm32g4xx_hal_tim_ex.o(.text.HAL_TIMEx_OCN_Start_DMA), (558 bytes).
    Removing stm32g4xx_hal_tim_ex.o(.ARM.exidx.text.HAL_TIMEx_OCN_Start_DMA), (8 bytes).
    Removing stm32g4xx_hal_tim_ex.o(.text.TIM_DMADelayPulseNCplt), (104 bytes).
    Removing stm32g4xx_hal_tim_ex.o(.ARM.exidx.text.TIM_DMADelayPulseNCplt), (8 bytes).
    Removing stm32g4xx_hal_tim_ex.o(.text.TIM_DMAErrorCCxN), (84 bytes).
    Removing stm32g4xx_hal_tim_ex.o(.ARM.exidx.text.TIM_DMAErrorCCxN), (8 bytes).
    Removing stm32g4xx_hal_tim_ex.o(.text.HAL_TIMEx_OCN_Stop_DMA), (206 bytes).
    Removing stm32g4xx_hal_tim_ex.o(.ARM.exidx.text.HAL_TIMEx_OCN_Stop_DMA), (8 bytes).
    Removing stm32g4xx_hal_tim_ex.o(.text.HAL_TIMEx_PWMN_Start), (230 bytes).
    Removing stm32g4xx_hal_tim_ex.o(.ARM.exidx.text.HAL_TIMEx_PWMN_Start), (8 bytes).
    Removing stm32g4xx_hal_tim_ex.o(.text.HAL_TIMEx_PWMN_Stop), (136 bytes).
    Removing stm32g4xx_hal_tim_ex.o(.ARM.exidx.text.HAL_TIMEx_PWMN_Stop), (8 bytes).
    Removing stm32g4xx_hal_tim_ex.o(.text.HAL_TIMEx_PWMN_Start_IT), (264 bytes).
    Removing stm32g4xx_hal_tim_ex.o(.ARM.exidx.text.HAL_TIMEx_PWMN_Start_IT), (8 bytes).
    Removing stm32g4xx_hal_tim_ex.o(.text.HAL_TIMEx_PWMN_Stop_IT), (186 bytes).
    Removing stm32g4xx_hal_tim_ex.o(.ARM.exidx.text.HAL_TIMEx_PWMN_Stop_IT), (8 bytes).
    Removing stm32g4xx_hal_tim_ex.o(.text.HAL_TIMEx_PWMN_Start_DMA), (558 bytes).
    Removing stm32g4xx_hal_tim_ex.o(.ARM.exidx.text.HAL_TIMEx_PWMN_Start_DMA), (8 bytes).
    Removing stm32g4xx_hal_tim_ex.o(.text.HAL_TIMEx_PWMN_Stop_DMA), (206 bytes).
    Removing stm32g4xx_hal_tim_ex.o(.ARM.exidx.text.HAL_TIMEx_PWMN_Stop_DMA), (8 bytes).
    Removing stm32g4xx_hal_tim_ex.o(.text.HAL_TIMEx_OnePulseN_Start), (118 bytes).
    Removing stm32g4xx_hal_tim_ex.o(.ARM.exidx.text.HAL_TIMEx_OnePulseN_Start), (8 bytes).
    Removing stm32g4xx_hal_tim_ex.o(.text.HAL_TIMEx_OnePulseN_Stop), (118 bytes).
    Removing stm32g4xx_hal_tim_ex.o(.ARM.exidx.text.HAL_TIMEx_OnePulseN_Stop), (8 bytes).
    Removing stm32g4xx_hal_tim_ex.o(.text.HAL_TIMEx_OnePulseN_Start_IT), (134 bytes).
    Removing stm32g4xx_hal_tim_ex.o(.ARM.exidx.text.HAL_TIMEx_OnePulseN_Start_IT), (8 bytes).
    Removing stm32g4xx_hal_tim_ex.o(.text.HAL_TIMEx_OnePulseN_Stop_IT), (134 bytes).
    Removing stm32g4xx_hal_tim_ex.o(.ARM.exidx.text.HAL_TIMEx_OnePulseN_Stop_IT), (8 bytes).
    Removing stm32g4xx_hal_tim_ex.o(.text.HAL_TIMEx_ConfigCommutEvent), (204 bytes).
    Removing stm32g4xx_hal_tim_ex.o(.ARM.exidx.text.HAL_TIMEx_ConfigCommutEvent), (8 bytes).
    Removing stm32g4xx_hal_tim_ex.o(.text.HAL_TIMEx_ConfigCommutEvent_IT), (204 bytes).
    Removing stm32g4xx_hal_tim_ex.o(.ARM.exidx.text.HAL_TIMEx_ConfigCommutEvent_IT), (8 bytes).
    Removing stm32g4xx_hal_tim_ex.o(.text.HAL_TIMEx_ConfigCommutEvent_DMA), (240 bytes).
    Removing stm32g4xx_hal_tim_ex.o(.ARM.exidx.text.HAL_TIMEx_ConfigCommutEvent_DMA), (8 bytes).
    Removing stm32g4xx_hal_tim_ex.o(.text.TIMEx_DMACommutationCplt), (12 bytes).
    Removing stm32g4xx_hal_tim_ex.o(.ARM.exidx.text.TIMEx_DMACommutationCplt), (8 bytes).
    Removing stm32g4xx_hal_tim_ex.o(.text.TIMEx_DMACommutationHalfCplt), (12 bytes).
    Removing stm32g4xx_hal_tim_ex.o(.ARM.exidx.text.TIMEx_DMACommutationHalfCplt), (8 bytes).
    Removing stm32g4xx_hal_tim_ex.o(.ARM.exidx.text.HAL_TIMEx_MasterConfigSynchronization), (8 bytes).
    Removing stm32g4xx_hal_tim_ex.o(.text.HAL_TIMEx_ConfigBreakDeadTime), (206 bytes).
    Removing stm32g4xx_hal_tim_ex.o(.ARM.exidx.text.HAL_TIMEx_ConfigBreakDeadTime), (8 bytes).
    Removing stm32g4xx_hal_tim_ex.o(.text.HAL_TIMEx_ConfigBreakInput), (202 bytes).
    Removing stm32g4xx_hal_tim_ex.o(.ARM.exidx.text.HAL_TIMEx_ConfigBreakInput), (8 bytes).
    Removing stm32g4xx_hal_tim_ex.o(.text.HAL_TIMEx_RemapConfig), (34 bytes).
    Removing stm32g4xx_hal_tim_ex.o(.ARM.exidx.text.HAL_TIMEx_RemapConfig), (8 bytes).
    Removing stm32g4xx_hal_tim_ex.o(.text.HAL_TIMEx_TISelection), (132 bytes).
    Removing stm32g4xx_hal_tim_ex.o(.ARM.exidx.text.HAL_TIMEx_TISelection), (8 bytes).
    Removing stm32g4xx_hal_tim_ex.o(.text.HAL_TIMEx_GroupChannel5), (48 bytes).
    Removing stm32g4xx_hal_tim_ex.o(.ARM.exidx.text.HAL_TIMEx_GroupChannel5), (8 bytes).
    Removing stm32g4xx_hal_tim_ex.o(.text.HAL_TIMEx_DisarmBreakInput), (80 bytes).
    Removing stm32g4xx_hal_tim_ex.o(.ARM.exidx.text.HAL_TIMEx_DisarmBreakInput), (8 bytes).
    Removing stm32g4xx_hal_tim_ex.o(.text.HAL_TIMEx_ReArmBreakInput), (124 bytes).
    Removing stm32g4xx_hal_tim_ex.o(.ARM.exidx.text.HAL_TIMEx_ReArmBreakInput), (8 bytes).
    Removing stm32g4xx_hal_tim_ex.o(.text.HAL_TIMEx_DitheringEnable), (14 bytes).
    Removing stm32g4xx_hal_tim_ex.o(.ARM.exidx.text.HAL_TIMEx_DitheringEnable), (8 bytes).
    Removing stm32g4xx_hal_tim_ex.o(.text.HAL_TIMEx_DitheringDisable), (14 bytes).
    Removing stm32g4xx_hal_tim_ex.o(.ARM.exidx.text.HAL_TIMEx_DitheringDisable), (8 bytes).
    Removing stm32g4xx_hal_tim_ex.o(.text.HAL_TIMEx_OC_ConfigPulseOnCompare), (56 bytes).
    Removing stm32g4xx_hal_tim_ex.o(.ARM.exidx.text.HAL_TIMEx_OC_ConfigPulseOnCompare), (8 bytes).
    Removing stm32g4xx_hal_tim_ex.o(.text.HAL_TIMEx_ConfigSlaveModePreload), (16 bytes).
    Removing stm32g4xx_hal_tim_ex.o(.ARM.exidx.text.HAL_TIMEx_ConfigSlaveModePreload), (8 bytes).
    Removing stm32g4xx_hal_tim_ex.o(.text.HAL_TIMEx_EnableSlaveModePreload), (14 bytes).
    Removing stm32g4xx_hal_tim_ex.o(.ARM.exidx.text.HAL_TIMEx_EnableSlaveModePreload), (8 bytes).
    Removing stm32g4xx_hal_tim_ex.o(.text.HAL_TIMEx_DisableSlaveModePreload), (14 bytes).
    Removing stm32g4xx_hal_tim_ex.o(.ARM.exidx.text.HAL_TIMEx_DisableSlaveModePreload), (8 bytes).
    Removing stm32g4xx_hal_tim_ex.o(.text.HAL_TIMEx_EnableDeadTimePreload), (14 bytes).
    Removing stm32g4xx_hal_tim_ex.o(.ARM.exidx.text.HAL_TIMEx_EnableDeadTimePreload), (8 bytes).
    Removing stm32g4xx_hal_tim_ex.o(.text.HAL_TIMEx_DisableDeadTimePreload), (14 bytes).
    Removing stm32g4xx_hal_tim_ex.o(.ARM.exidx.text.HAL_TIMEx_DisableDeadTimePreload), (8 bytes).
    Removing stm32g4xx_hal_tim_ex.o(.text.HAL_TIMEx_ConfigDeadTime), (16 bytes).
    Removing stm32g4xx_hal_tim_ex.o(.ARM.exidx.text.HAL_TIMEx_ConfigDeadTime), (8 bytes).
    Removing stm32g4xx_hal_tim_ex.o(.text.HAL_TIMEx_ConfigAsymmetricalDeadTime), (16 bytes).
    Removing stm32g4xx_hal_tim_ex.o(.ARM.exidx.text.HAL_TIMEx_ConfigAsymmetricalDeadTime), (8 bytes).
    Removing stm32g4xx_hal_tim_ex.o(.text.HAL_TIMEx_EnableAsymmetricalDeadTime), (14 bytes).
    Removing stm32g4xx_hal_tim_ex.o(.ARM.exidx.text.HAL_TIMEx_EnableAsymmetricalDeadTime), (8 bytes).
    Removing stm32g4xx_hal_tim_ex.o(.text.HAL_TIMEx_DisableAsymmetricalDeadTime), (14 bytes).
    Removing stm32g4xx_hal_tim_ex.o(.ARM.exidx.text.HAL_TIMEx_DisableAsymmetricalDeadTime), (8 bytes).
    Removing stm32g4xx_hal_tim_ex.o(.text.HAL_TIMEx_ConfigEncoderIndex), (78 bytes).
    Removing stm32g4xx_hal_tim_ex.o(.ARM.exidx.text.HAL_TIMEx_ConfigEncoderIndex), (8 bytes).
    Removing stm32g4xx_hal_tim_ex.o(.text.HAL_TIMEx_EnableEncoderIndex), (14 bytes).
    Removing stm32g4xx_hal_tim_ex.o(.ARM.exidx.text.HAL_TIMEx_EnableEncoderIndex), (8 bytes).
    Removing stm32g4xx_hal_tim_ex.o(.text.HAL_TIMEx_DisableEncoderIndex), (14 bytes).
    Removing stm32g4xx_hal_tim_ex.o(.ARM.exidx.text.HAL_TIMEx_DisableEncoderIndex), (8 bytes).
    Removing stm32g4xx_hal_tim_ex.o(.text.HAL_TIMEx_EnableEncoderFirstIndex), (14 bytes).
    Removing stm32g4xx_hal_tim_ex.o(.ARM.exidx.text.HAL_TIMEx_EnableEncoderFirstIndex), (8 bytes).
    Removing stm32g4xx_hal_tim_ex.o(.text.HAL_TIMEx_DisableEncoderFirstIndex), (14 bytes).
    Removing stm32g4xx_hal_tim_ex.o(.ARM.exidx.text.HAL_TIMEx_DisableEncoderFirstIndex), (8 bytes).
    Removing stm32g4xx_hal_tim_ex.o(.ARM.exidx.text.HAL_TIMEx_CommutCallback), (8 bytes).
    Removing stm32g4xx_hal_tim_ex.o(.text.HAL_TIMEx_CommutHalfCpltCallback), (2 bytes).
    Removing stm32g4xx_hal_tim_ex.o(.ARM.exidx.text.HAL_TIMEx_CommutHalfCpltCallback), (8 bytes).
    Removing stm32g4xx_hal_tim_ex.o(.ARM.exidx.text.HAL_TIMEx_BreakCallback), (8 bytes).
    Removing stm32g4xx_hal_tim_ex.o(.ARM.exidx.text.HAL_TIMEx_Break2Callback), (8 bytes).
    Removing stm32g4xx_hal_tim_ex.o(.ARM.exidx.text.HAL_TIMEx_EncoderIndexCallback), (8 bytes).
    Removing stm32g4xx_hal_tim_ex.o(.ARM.exidx.text.HAL_TIMEx_DirectionChangeCallback), (8 bytes).
    Removing stm32g4xx_hal_tim_ex.o(.ARM.exidx.text.HAL_TIMEx_IndexErrorCallback), (8 bytes).
    Removing stm32g4xx_hal_tim_ex.o(.ARM.exidx.text.HAL_TIMEx_TransitionErrorCallback), (8 bytes).
    Removing stm32g4xx_hal_tim_ex.o(.text.HAL_TIMEx_HallSensor_GetState), (6 bytes).
    Removing stm32g4xx_hal_tim_ex.o(.ARM.exidx.text.HAL_TIMEx_HallSensor_GetState), (8 bytes).
    Removing stm32g4xx_hal_tim_ex.o(.text.HAL_TIMEx_GetChannelNState), (32 bytes).
    Removing stm32g4xx_hal_tim_ex.o(.ARM.exidx.text.HAL_TIMEx_GetChannelNState), (8 bytes).
    Removing stm32g4xx_hal_tim_ex.o(.rodata.cst16), (32 bytes).
    Removing system_stm32g4xx.o(.text), (0 bytes).
    Removing system_stm32g4xx.o(.ARM.exidx.text.SystemInit), (8 bytes).
    Removing system_stm32g4xx.o(.text.SystemCoreClockUpdate), (154 bytes).
    Removing system_stm32g4xx.o(.ARM.exidx.text.SystemCoreClockUpdate), (8 bytes).
    Removing system_stm32g4xx.o(.rodata.APBPrescTable), (8 bytes).
    Removing lcd.o(.text), (0 bytes).
    Removing lcd.o(.text.Delay_LCD), (2 bytes).
    Removing lcd.o(.ARM.exidx.text.Delay_LCD), (8 bytes).
    Removing lcd.o(.ARM.exidx.text.REG_8230_Init), (8 bytes).
    Removing lcd.o(.text.LCD_WriteReg), (114 bytes).
    Removing lcd.o(.ARM.exidx.text.LCD_WriteReg), (8 bytes).
    Removing lcd.o(.ARM.exidx.text.REG_932X_Init), (8 bytes).
    Removing lcd.o(.ARM.exidx.text.LCD_Init), (8 bytes).
    Removing lcd.o(.text.LCD_CtrlLinesConfig), (174 bytes).
    Removing lcd.o(.ARM.exidx.text.LCD_CtrlLinesConfig), (8 bytes).
    Removing lcd.o(.text.LCD_ReadReg), (190 bytes).
    Removing lcd.o(.ARM.exidx.text.LCD_ReadReg), (8 bytes).
    Removing lcd.o(.ARM.exidx.text.LCD_SetTextColor), (8 bytes).
    Removing lcd.o(.ARM.exidx.text.LCD_SetBackColor), (8 bytes).
    Removing lcd.o(.text.LCD_ClearLine), (88 bytes).
    Removing lcd.o(.ARM.exidx.text.LCD_ClearLine), (8 bytes).
    Removing lcd.o(.text.LCD_DisplayStringLine), (76 bytes).
    Removing lcd.o(.ARM.exidx.text.LCD_DisplayStringLine), (8 bytes).
    Removing lcd.o(.ARM.exidx.text.LCD_Clear), (8 bytes).
    Removing lcd.o(.ARM.exidx.text.LCD_SetCursor), (8 bytes).
    Removing lcd.o(.text.LCD_WriteRAM_Prepare), (94 bytes).
    Removing lcd.o(.ARM.exidx.text.LCD_WriteRAM_Prepare), (8 bytes).
    Removing lcd.o(.text.LCD_WriteRAM), (92 bytes).
    Removing lcd.o(.ARM.exidx.text.LCD_WriteRAM), (8 bytes).
    Removing lcd.o(.text.LCD_DrawChar), (364 bytes).
    Removing lcd.o(.ARM.exidx.text.LCD_DrawChar), (8 bytes).
    Removing lcd.o(.text.LCD_DisplayChar), (26 bytes).
    Removing lcd.o(.ARM.exidx.text.LCD_DisplayChar), (8 bytes).
    Removing lcd.o(.text.LCD_SetDisplayWindow), (834 bytes).
    Removing lcd.o(.ARM.exidx.text.LCD_SetDisplayWindow), (8 bytes).
    Removing lcd.o(.text.LCD_WindowModeDisable), (136 bytes).
    Removing lcd.o(.ARM.exidx.text.LCD_WindowModeDisable), (8 bytes).
    Removing lcd.o(.text.LCD_DrawLine), (982 bytes).
    Removing lcd.o(.ARM.exidx.text.LCD_DrawLine), (8 bytes).
    Removing lcd.o(.text.LCD_DrawRect), (68 bytes).
    Removing lcd.o(.ARM.exidx.text.LCD_DrawRect), (8 bytes).
    Removing lcd.o(.text.LCD_DrawCircle), (1594 bytes).
    Removing lcd.o(.ARM.exidx.text.LCD_DrawCircle), (8 bytes).
    Removing lcd.o(.text.LCD_DrawMonoPict), (344 bytes).
    Removing lcd.o(.ARM.exidx.text.LCD_DrawMonoPict), (8 bytes).
    Removing lcd.o(.text.LCD_WriteBMP), (972 bytes).
    Removing lcd.o(.ARM.exidx.text.LCD_WriteBMP), (8 bytes).
    Removing lcd.o(.text.LCD_BusIn), (40 bytes).
    Removing lcd.o(.ARM.exidx.text.LCD_BusIn), (8 bytes).
    Removing lcd.o(.text.LCD_BusOut), (42 bytes).
    Removing lcd.o(.ARM.exidx.text.LCD_BusOut), (8 bytes).
    Removing lcd.o(.text.LCD_ReadRAM), (192 bytes).
    Removing lcd.o(.ARM.exidx.text.LCD_ReadRAM), (8 bytes).
    Removing lcd.o(.text.LCD_PowerOn), (1070 bytes).
    Removing lcd.o(.ARM.exidx.text.LCD_PowerOn), (8 bytes).
    Removing lcd.o(.text.LCD_DisplayOn), (118 bytes).
    Removing lcd.o(.ARM.exidx.text.LCD_DisplayOn), (8 bytes).
    Removing lcd.o(.text.LCD_DisplayOff), (116 bytes).
    Removing lcd.o(.ARM.exidx.text.LCD_DisplayOff), (8 bytes).
    Removing lcd.o(.text.LCD_DrawPicture), (468 bytes).
    Removing lcd.o(.ARM.exidx.text.LCD_DrawPicture), (8 bytes).
    Removing lcd.o(.rodata.ASCII_Table), (4560 bytes).
    Removing led.o(.text), (0 bytes).
    Removing led.o(.text.led_lock), (34 bytes).
    Removing led.o(.ARM.exidx.text.led_lock), (8 bytes).
    Removing led.o(.ARM.exidx.text.led_init), (8 bytes).
    Removing led.o(.text.led_ON), (172 bytes).
    Removing led.o(.ARM.exidx.text.led_ON), (8 bytes).
    Removing led.o(.text.led_OFF), (168 bytes).
    Removing led.o(.ARM.exidx.text.led_OFF), (8 bytes).
    Removing led.o(.text.led_Toggle), (28 bytes).
    Removing led.o(.ARM.exidx.text.led_Toggle), (8 bytes).
    Removing led.o(.bss.led_buff), (1 bytes).
    Removing led.o(.bss.led_state), (32 bytes).

956 unused section(s) (total 61517 bytes) removed from the image.

==============================================================================

Image Symbol Table

    Local Symbols

    Symbol Name                              Value     Ov Type        Size  Object(Section)

    ../clib/angel/boardlib.s                 0x00000000   Number         0  boardinit1.o ABSOLUTE
    ../clib/angel/boardlib.s                 0x00000000   Number         0  boardinit2.o ABSOLUTE
    ../clib/angel/boardlib.s                 0x00000000   Number         0  boardinit3.o ABSOLUTE
    ../clib/angel/boardlib.s                 0x00000000   Number         0  boardshut.o ABSOLUTE
    ../clib/angel/handlers.s                 0x00000000   Number         0  __scatter_copy.o ABSOLUTE
    ../clib/angel/handlers.s                 0x00000000   Number         0  __scatter_zi.o ABSOLUTE
    ../clib/angel/kernel.s                   0x00000000   Number         0  __rtentry.o ABSOLUTE
    ../clib/angel/kernel.s                   0x00000000   Number         0  __rtentry2.o ABSOLUTE
    ../clib/angel/kernel.s                   0x00000000   Number         0  __rtentry4.o ABSOLUTE
    ../clib/angel/kernel.s                   0x00000000   Number         0  rtexit.o ABSOLUTE
    ../clib/angel/kernel.s                   0x00000000   Number         0  rtexit2.o ABSOLUTE
    ../clib/angel/rt.s                       0x00000000   Number         0  rt_raise.o ABSOLUTE
    ../clib/angel/scatter.s                  0x00000000   Number         0  __scatter.o ABSOLUTE
    ../clib/angel/startup.s                  0x00000000   Number         0  __main.o ABSOLUTE
    ../clib/angel/sys.s                      0x00000000   Number         0  sys_stackheap_outer.o ABSOLUTE
    ../clib/angel/sys.s                      0x00000000   Number         0  libspace.o ABSOLUTE
    ../clib/angel/sys.s                      0x00000000   Number         0  use_no_semi.o ABSOLUTE
    ../clib/angel/sys.s                      0x00000000   Number         0  indicate_semi.o ABSOLUTE
    ../clib/angel/sysapp.c                   0x00000000   Number         0  sys_exit.o ABSOLUTE
    ../clib/angel/sysapp.c                   0x00000000   Number         0  sys_exit_hlt.o ABSOLUTE
    ../clib/angel/sysapp.c                   0x00000000   Number         0  sys_command.o ABSOLUTE
    ../clib/angel/sysapp.c                   0x00000000   Number         0  sys_command_hlt.o ABSOLUTE
    ../clib/angel/sysapp.c                   0x00000000   Number         0  sys_wrch.o ABSOLUTE
    ../clib/angel/sysapp.c                   0x00000000   Number         0  sys_wrch_hlt.o ABSOLUTE
    ../clib/armsys.c                         0x00000000   Number         0  argv_veneer.o ABSOLUTE
    ../clib/armsys.c                         0x00000000   Number         0  argv_veneer.o ABSOLUTE
    ../clib/armsys.c                         0x00000000   Number         0  _get_argv_nomalloc.o ABSOLUTE
    ../clib/armsys.c                         0x00000000   Number         0  no_argv.o ABSOLUTE
    ../clib/heapalloc.c                      0x00000000   Number         0  hrguard.o ABSOLUTE
    ../clib/heapaux.c                        0x00000000   Number         0  heapauxi.o ABSOLUTE
    ../clib/libinit.s                        0x00000000   Number         0  libinit.o ABSOLUTE
    ../clib/libinit.s                        0x00000000   Number         0  libinit2.o ABSOLUTE
    ../clib/libinit.s                        0x00000000   Number         0  libshutdown.o ABSOLUTE
    ../clib/libinit.s                        0x00000000   Number         0  libshutdown2.o ABSOLUTE
    ../clib/memcpset.s                       0x00000000   Number         0  rt_memclr_w.o ABSOLUTE
    ../clib/signal.c                         0x00000000   Number         0  defsig_rtmem_outer.o ABSOLUTE
    ../clib/signal.c                         0x00000000   Number         0  defsig_rtmem_formal.o ABSOLUTE
    ../clib/signal.c                         0x00000000   Number         0  defsig_exit.o ABSOLUTE
    ../clib/signal.c                         0x00000000   Number         0  defsig_rtmem_inner.o ABSOLUTE
    ../clib/signal.c                         0x00000000   Number         0  __raise.o ABSOLUTE
    ../clib/signal.c                         0x00000000   Number         0  defsig_general.o ABSOLUTE
    ../clib/signal.c                         0x00000000   Number         0  defsig_abrt_inner.o ABSOLUTE
    ../clib/signal.c                         0x00000000   Number         0  defsig_fpe_inner.o ABSOLUTE
    ../clib/signal.c                         0x00000000   Number         0  defsig_rtred_inner.o ABSOLUTE
    ../clib/signal.c                         0x00000000   Number         0  defsig_stak_inner.o ABSOLUTE
    ../clib/signal.c                         0x00000000   Number         0  defsig_pvfn_inner.o ABSOLUTE
    ../clib/signal.c                         0x00000000   Number         0  defsig_cppl_inner.o ABSOLUTE
    ../clib/signal.c                         0x00000000   Number         0  defsig_segv_inner.o ABSOLUTE
    ../clib/signal.c                         0x00000000   Number         0  defsig_other.o ABSOLUTE
    ../clib/signal.s                         0x00000000   Number         0  defsig.o ABSOLUTE
    ../clib/stdlib.c                         0x00000000   Number         0  exit.o ABSOLUTE
    ../fplib/fpinit.s                        0x00000000   Number         0  fpinit.o ABSOLUTE
    adc.c                                    0x00000000   Number         0  adc.o ABSOLUTE
    dc.s                                     0x00000000   Number         0  dc.o ABSOLUTE
    gpio.c                                   0x00000000   Number         0  gpio.o ABSOLUTE
    lcd.c                                    0x00000000   Number         0  lcd.o ABSOLUTE
    led.c                                    0x00000000   Number         0  led.o ABSOLUTE
    main.c                                   0x00000000   Number         0  main.o ABSOLUTE
    startup_stm32g431xx.s                    0x00000000   Number         0  startup_stm32g431xx.o ABSOLUTE
    stm32g4xx_hal.c                          0x00000000   Number         0  stm32g4xx_hal.o ABSOLUTE
    stm32g4xx_hal_adc.c                      0x00000000   Number         0  stm32g4xx_hal_adc.o ABSOLUTE
    stm32g4xx_hal_adc_ex.c                   0x00000000   Number         0  stm32g4xx_hal_adc_ex.o ABSOLUTE
    stm32g4xx_hal_cortex.c                   0x00000000   Number         0  stm32g4xx_hal_cortex.o ABSOLUTE
    stm32g4xx_hal_dma.c                      0x00000000   Number         0  stm32g4xx_hal_dma.o ABSOLUTE
    stm32g4xx_hal_dma_ex.c                   0x00000000   Number         0  stm32g4xx_hal_dma_ex.o ABSOLUTE
    stm32g4xx_hal_exti.c                     0x00000000   Number         0  stm32g4xx_hal_exti.o ABSOLUTE
    stm32g4xx_hal_flash.c                    0x00000000   Number         0  stm32g4xx_hal_flash.o ABSOLUTE
    stm32g4xx_hal_flash_ex.c                 0x00000000   Number         0  stm32g4xx_hal_flash_ex.o ABSOLUTE
    stm32g4xx_hal_flash_ramfunc.c            0x00000000   Number         0  stm32g4xx_hal_flash_ramfunc.o ABSOLUTE
    stm32g4xx_hal_gpio.c                     0x00000000   Number         0  stm32g4xx_hal_gpio.o ABSOLUTE
    stm32g4xx_hal_msp.c                      0x00000000   Number         0  stm32g4xx_hal_msp.o ABSOLUTE
    stm32g4xx_hal_pwr.c                      0x00000000   Number         0  stm32g4xx_hal_pwr.o ABSOLUTE
    stm32g4xx_hal_pwr_ex.c                   0x00000000   Number         0  stm32g4xx_hal_pwr_ex.o ABSOLUTE
    stm32g4xx_hal_rcc.c                      0x00000000   Number         0  stm32g4xx_hal_rcc.o ABSOLUTE
    stm32g4xx_hal_rcc_ex.c                   0x00000000   Number         0  stm32g4xx_hal_rcc_ex.o ABSOLUTE
    stm32g4xx_hal_tim.c                      0x00000000   Number         0  stm32g4xx_hal_tim.o ABSOLUTE
    stm32g4xx_hal_tim_ex.c                   0x00000000   Number         0  stm32g4xx_hal_tim_ex.o ABSOLUTE
    stm32g4xx_it.c                           0x00000000   Number         0  stm32g4xx_it.o ABSOLUTE
    stm32g4xx_ll_adc.c                       0x00000000   Number         0  stm32g4xx_ll_adc.o ABSOLUTE
    system_stm32g4xx.c                       0x00000000   Number         0  system_stm32g4xx.o ABSOLUTE
    tim.c                                    0x00000000   Number         0  tim.o ABSOLUTE
    RESET                                    0x08000000   Section      472  startup_stm32g431xx.o(RESET)
    !!!main                                  0x080001d8   Section        8  __main.o(!!!main)
    !!!scatter                               0x080001e0   Section       92  __scatter.o(!!!scatter)
    !!handler_copy                           0x0800023c   Section       26  __scatter_copy.o(!!handler_copy)
    !!handler_null                           0x08000258   Section        2  __scatter.o(!!handler_null)
    !!handler_zi                             0x0800025c   Section       28  __scatter_zi.o(!!handler_zi)
    .ARM.Collect$$libinit$$00000000          0x08000278   Section        2  libinit.o(.ARM.Collect$$libinit$$00000000)
    .ARM.Collect$$libinit$$00000001          0x0800027a   Section        4  libinit2.o(.ARM.Collect$$libinit$$00000001)
    .ARM.Collect$$libinit$$00000004          0x0800027e   Section        0  libinit2.o(.ARM.Collect$$libinit$$00000004)
    .ARM.Collect$$libinit$$00000006          0x0800027e   Section        0  libinit2.o(.ARM.Collect$$libinit$$00000006)
    .ARM.Collect$$libinit$$0000000C          0x0800027e   Section        0  libinit2.o(.ARM.Collect$$libinit$$0000000C)
    .ARM.Collect$$libinit$$0000000E          0x0800027e   Section        0  libinit2.o(.ARM.Collect$$libinit$$0000000E)
    .ARM.Collect$$libinit$$00000010          0x0800027e   Section        0  libinit2.o(.ARM.Collect$$libinit$$00000010)
    .ARM.Collect$$libinit$$00000013          0x0800027e   Section        0  libinit2.o(.ARM.Collect$$libinit$$00000013)
    .ARM.Collect$$libinit$$00000015          0x0800027e   Section        0  libinit2.o(.ARM.Collect$$libinit$$00000015)
    .ARM.Collect$$libinit$$00000017          0x0800027e   Section        0  libinit2.o(.ARM.Collect$$libinit$$00000017)
    .ARM.Collect$$libinit$$00000019          0x0800027e   Section        0  libinit2.o(.ARM.Collect$$libinit$$00000019)
    .ARM.Collect$$libinit$$0000001B          0x0800027e   Section        0  libinit2.o(.ARM.Collect$$libinit$$0000001B)
    .ARM.Collect$$libinit$$0000001D          0x0800027e   Section        0  libinit2.o(.ARM.Collect$$libinit$$0000001D)
    .ARM.Collect$$libinit$$0000001F          0x0800027e   Section        0  libinit2.o(.ARM.Collect$$libinit$$0000001F)
    .ARM.Collect$$libinit$$00000021          0x0800027e   Section        0  libinit2.o(.ARM.Collect$$libinit$$00000021)
    .ARM.Collect$$libinit$$00000023          0x0800027e   Section        0  libinit2.o(.ARM.Collect$$libinit$$00000023)
    .ARM.Collect$$libinit$$00000025          0x0800027e   Section        0  libinit2.o(.ARM.Collect$$libinit$$00000025)
    .ARM.Collect$$libinit$$00000027          0x0800027e   Section        0  libinit2.o(.ARM.Collect$$libinit$$00000027)
    .ARM.Collect$$libinit$$0000002E          0x0800027e   Section        0  libinit2.o(.ARM.Collect$$libinit$$0000002E)
    .ARM.Collect$$libinit$$00000030          0x0800027e   Section        0  libinit2.o(.ARM.Collect$$libinit$$00000030)
    .ARM.Collect$$libinit$$00000032          0x0800027e   Section        0  libinit2.o(.ARM.Collect$$libinit$$00000032)
    .ARM.Collect$$libinit$$00000034          0x0800027e   Section        0  libinit2.o(.ARM.Collect$$libinit$$00000034)
    .ARM.Collect$$libinit$$00000035          0x0800027e   Section        2  libinit2.o(.ARM.Collect$$libinit$$00000035)
    .ARM.Collect$$libshutdown$$00000000      0x08000280   Section        2  libshutdown.o(.ARM.Collect$$libshutdown$$00000000)
    .ARM.Collect$$libshutdown$$00000002      0x08000282   Section        0  libshutdown2.o(.ARM.Collect$$libshutdown$$00000002)
    .ARM.Collect$$libshutdown$$00000004      0x08000282   Section        0  libshutdown2.o(.ARM.Collect$$libshutdown$$00000004)
    .ARM.Collect$$libshutdown$$00000007      0x08000282   Section        0  libshutdown2.o(.ARM.Collect$$libshutdown$$00000007)
    .ARM.Collect$$libshutdown$$0000000A      0x08000282   Section        0  libshutdown2.o(.ARM.Collect$$libshutdown$$0000000A)
    .ARM.Collect$$libshutdown$$0000000C      0x08000282   Section        0  libshutdown2.o(.ARM.Collect$$libshutdown$$0000000C)
    .ARM.Collect$$libshutdown$$0000000F      0x08000282   Section        0  libshutdown2.o(.ARM.Collect$$libshutdown$$0000000F)
    .ARM.Collect$$libshutdown$$00000010      0x08000282   Section        2  libshutdown2.o(.ARM.Collect$$libshutdown$$00000010)
    .ARM.Collect$$rtentry$$00000000          0x08000284   Section        0  __rtentry.o(.ARM.Collect$$rtentry$$00000000)
    .ARM.Collect$$rtentry$$00000002          0x08000284   Section        0  __rtentry2.o(.ARM.Collect$$rtentry$$00000002)
    .ARM.Collect$$rtentry$$00000004          0x08000284   Section        6  __rtentry4.o(.ARM.Collect$$rtentry$$00000004)
    .ARM.Collect$$rtentry$$00000009          0x0800028a   Section        0  __rtentry2.o(.ARM.Collect$$rtentry$$00000009)
    .ARM.Collect$$rtentry$$0000000A          0x0800028a   Section        4  __rtentry2.o(.ARM.Collect$$rtentry$$0000000A)
    .ARM.Collect$$rtentry$$0000000C          0x0800028e   Section        0  __rtentry2.o(.ARM.Collect$$rtentry$$0000000C)
    .ARM.Collect$$rtentry$$0000000D          0x0800028e   Section        8  __rtentry2.o(.ARM.Collect$$rtentry$$0000000D)
    .ARM.Collect$$rtexit$$00000000           0x08000296   Section        2  rtexit.o(.ARM.Collect$$rtexit$$00000000)
    .ARM.Collect$$rtexit$$00000002           0x08000298   Section        0  rtexit2.o(.ARM.Collect$$rtexit$$00000002)
    .ARM.Collect$$rtexit$$00000003           0x08000298   Section        4  rtexit2.o(.ARM.Collect$$rtexit$$00000003)
    .ARM.Collect$$rtexit$$00000004           0x0800029c   Section        6  rtexit2.o(.ARM.Collect$$rtexit$$00000004)
    $v0                                      0x080002a4   Number         0  startup_stm32g431xx.o(.text)
    .text                                    0x080002a4   Section       64  startup_stm32g431xx.o(.text)
    .text                                    0x080002e4   Section       78  rt_memclr_w.o(.text)
    .text                                    0x08000332   Section        0  heapauxi.o(.text)
    .text                                    0x08000338   Section       74  sys_stackheap_outer.o(.text)
    .text                                    0x08000382   Section        0  exit.o(.text)
    .text                                    0x08000394   Section        8  libspace.o(.text)
    .text                                    0x0800039c   Section        0  sys_exit.o(.text)
    .text                                    0x080003a8   Section        2  use_no_semi.o(.text)
    .text                                    0x080003aa   Section        0  indicate_semi.o(.text)
    [Anonymous Symbol]                       0x080003ac   Section        0  stm32g4xx_it.o(.text.ADC1_2_IRQHandler)
    [Anonymous Symbol]                       0x080003b8   Section        0  stm32g4xx_it.o(.text.BusFault_Handler)
    [Anonymous Symbol]                       0x080003bc   Section        0  stm32g4xx_it.o(.text.DebugMon_Handler)
    [Anonymous Symbol]                       0x080003c0   Section        0  main.o(.text.Error_Handler)
    [Anonymous Symbol]                       0x080003cc   Section        0  stm32g4xx_hal_adc_ex.o(.text.HAL_ADCEx_EndOfSamplingCallback)
    [Anonymous Symbol]                       0x080003d0   Section        0  stm32g4xx_hal_adc_ex.o(.text.HAL_ADCEx_InjectedConvCpltCallback)
    [Anonymous Symbol]                       0x080003d4   Section        0  stm32g4xx_hal_adc_ex.o(.text.HAL_ADCEx_InjectedQueueOverflowCallback)
    [Anonymous Symbol]                       0x080003d8   Section        0  stm32g4xx_hal_adc_ex.o(.text.HAL_ADCEx_LevelOutOfWindow2Callback)
    [Anonymous Symbol]                       0x080003dc   Section        0  stm32g4xx_hal_adc_ex.o(.text.HAL_ADCEx_LevelOutOfWindow3Callback)
    [Anonymous Symbol]                       0x080003e0   Section        0  stm32g4xx_hal_adc.o(.text.HAL_ADC_ConfigChannel)
    [Anonymous Symbol]                       0x08000774   Section        0  stm32g4xx_hal_adc.o(.text.HAL_ADC_ConvCpltCallback)
    [Anonymous Symbol]                       0x08000778   Section        0  stm32g4xx_hal_adc.o(.text.HAL_ADC_ErrorCallback)
    [Anonymous Symbol]                       0x0800077c   Section        0  stm32g4xx_hal_adc.o(.text.HAL_ADC_IRQHandler)
    [Anonymous Symbol]                       0x080009f4   Section        0  stm32g4xx_hal_adc.o(.text.HAL_ADC_Init)
    [Anonymous Symbol]                       0x08000c1c   Section        0  stm32g4xx_hal_adc.o(.text.HAL_ADC_LevelOutOfWindowCallback)
    [Anonymous Symbol]                       0x08000c20   Section        0  adc.o(.text.HAL_ADC_MspInit)
    [Anonymous Symbol]                       0x08000cbc   Section        0  stm32g4xx_hal.o(.text.HAL_Delay)
    [Anonymous Symbol]                       0x08000ce4   Section        0  stm32g4xx_hal_gpio.o(.text.HAL_GPIO_Init)
    [Anonymous Symbol]                       0x08000e80   Section        0  stm32g4xx_hal_gpio.o(.text.HAL_GPIO_WritePin)
    [Anonymous Symbol]                       0x08000e8c   Section        0  stm32g4xx_hal.o(.text.HAL_GetTick)
    [Anonymous Symbol]                       0x08000e98   Section        0  stm32g4xx_hal.o(.text.HAL_IncTick)
    [Anonymous Symbol]                       0x08000eb4   Section        0  stm32g4xx_hal.o(.text.HAL_Init)
    [Anonymous Symbol]                       0x08000ed4   Section        0  stm32g4xx_hal.o(.text.HAL_InitTick)
    [Anonymous Symbol]                       0x08000f28   Section        0  stm32g4xx_hal_msp.o(.text.HAL_MspInit)
    [Anonymous Symbol]                       0x08000f5c   Section        0  stm32g4xx_hal_cortex.o(.text.HAL_NVIC_EnableIRQ)
    [Anonymous Symbol]                       0x08000f80   Section        0  stm32g4xx_hal_cortex.o(.text.HAL_NVIC_SetPriority)
    [Anonymous Symbol]                       0x08000fd8   Section        0  stm32g4xx_hal_cortex.o(.text.HAL_NVIC_SetPriorityGrouping)
    [Anonymous Symbol]                       0x08000ff8   Section        0  stm32g4xx_hal_pwr_ex.o(.text.HAL_PWREx_ControlVoltageScaling)
    [Anonymous Symbol]                       0x0800111c   Section        0  stm32g4xx_hal_pwr_ex.o(.text.HAL_PWREx_DisableUCPDDeadBattery)
    [Anonymous Symbol]                       0x08001130   Section        0  stm32g4xx_hal_rcc_ex.o(.text.HAL_RCCEx_PeriphCLKConfig)
    [Anonymous Symbol]                       0x08001394   Section        0  stm32g4xx_hal_rcc.o(.text.HAL_RCC_ClockConfig)
    [Anonymous Symbol]                       0x08001698   Section        0  stm32g4xx_hal_rcc.o(.text.HAL_RCC_OscConfig)
    [Anonymous Symbol]                       0x08001b30   Section        0  stm32g4xx_hal_cortex.o(.text.HAL_SYSTICK_Config)
    [Anonymous Symbol]                       0x08001b5c   Section        0  stm32g4xx_hal_tim_ex.o(.text.HAL_TIMEx_Break2Callback)
    [Anonymous Symbol]                       0x08001b60   Section        0  stm32g4xx_hal_tim_ex.o(.text.HAL_TIMEx_BreakCallback)
    [Anonymous Symbol]                       0x08001b64   Section        0  stm32g4xx_hal_tim_ex.o(.text.HAL_TIMEx_CommutCallback)
    [Anonymous Symbol]                       0x08001b68   Section        0  stm32g4xx_hal_tim_ex.o(.text.HAL_TIMEx_DirectionChangeCallback)
    [Anonymous Symbol]                       0x08001b6c   Section        0  stm32g4xx_hal_tim_ex.o(.text.HAL_TIMEx_EncoderIndexCallback)
    [Anonymous Symbol]                       0x08001b70   Section        0  stm32g4xx_hal_tim_ex.o(.text.HAL_TIMEx_IndexErrorCallback)
    [Anonymous Symbol]                       0x08001b74   Section        0  stm32g4xx_hal_tim_ex.o(.text.HAL_TIMEx_MasterConfigSynchronization)
    [Anonymous Symbol]                       0x08001c1c   Section        0  stm32g4xx_hal_tim_ex.o(.text.HAL_TIMEx_TransitionErrorCallback)
    [Anonymous Symbol]                       0x08001c20   Section        0  stm32g4xx_hal_tim.o(.text.HAL_TIM_Base_Init)
    [Anonymous Symbol]                       0x08001c84   Section        0  tim.o(.text.HAL_TIM_Base_MspInit)
    [Anonymous Symbol]                       0x08001cc8   Section        0  stm32g4xx_hal_tim.o(.text.HAL_TIM_IC_CaptureCallback)
    [Anonymous Symbol]                       0x08001ccc   Section        0  stm32g4xx_hal_tim.o(.text.HAL_TIM_IRQHandler)
    [Anonymous Symbol]                       0x08001e94   Section        0  stm32g4xx_hal_tim.o(.text.HAL_TIM_OC_DelayElapsedCallback)
    [Anonymous Symbol]                       0x08001e98   Section        0  stm32g4xx_hal_tim.o(.text.HAL_TIM_PWM_PulseFinishedCallback)
    [Anonymous Symbol]                       0x08001e9c   Section        0  stm32g4xx_hal_tim.o(.text.HAL_TIM_PeriodElapsedCallback)
    [Anonymous Symbol]                       0x08001ea0   Section        0  stm32g4xx_hal_tim.o(.text.HAL_TIM_TriggerCallback)
    [Anonymous Symbol]                       0x08001ea4   Section        0  stm32g4xx_it.o(.text.HardFault_Handler)
    [Anonymous Symbol]                       0x08001ea8   Section        0  lcd.o(.text.LCD_Clear)
    [Anonymous Symbol]                       0x08002064   Section        0  lcd.o(.text.LCD_Init)
    [Anonymous Symbol]                       0x08002294   Section        0  lcd.o(.text.LCD_SetBackColor)
    [Anonymous Symbol]                       0x080022ac   Section        0  lcd.o(.text.LCD_SetCursor)
    [Anonymous Symbol]                       0x08002388   Section        0  lcd.o(.text.LCD_SetTextColor)
    [Anonymous Symbol]                       0x080023a0   Section        0  adc.o(.text.MX_ADC2_Init)
    [Anonymous Symbol]                       0x08002424   Section        0  gpio.o(.text.MX_GPIO_Init)
    [Anonymous Symbol]                       0x08002498   Section        0  tim.o(.text.MX_TIM6_Init)
    [Anonymous Symbol]                       0x080024e8   Section        0  stm32g4xx_it.o(.text.MemManage_Handler)
    [Anonymous Symbol]                       0x080024ec   Section        0  stm32g4xx_it.o(.text.NMI_Handler)
    [Anonymous Symbol]                       0x080024f0   Section        0  stm32g4xx_it.o(.text.PendSV_Handler)
    [Anonymous Symbol]                       0x080024f4   Section        0  lcd.o(.text.REG_8230_Init)
    [Anonymous Symbol]                       0x08003100   Section        0  lcd.o(.text.REG_932X_Init)
    [Anonymous Symbol]                       0x08004850   Section        0  stm32g4xx_it.o(.text.SVC_Handler)
    [Anonymous Symbol]                       0x08004854   Section        0  stm32g4xx_it.o(.text.SysTick_Handler)
    [Anonymous Symbol]                       0x08004858   Section        0  system_stm32g4xx.o(.text.SystemInit)
    [Anonymous Symbol]                       0x0800486c   Section        0  stm32g4xx_it.o(.text.TIM6_DAC_IRQHandler)
    [Anonymous Symbol]                       0x08004878   Section        0  stm32g4xx_hal_tim.o(.text.TIM_Base_SetConfig)
    [Anonymous Symbol]                       0x0800498c   Section        0  stm32g4xx_it.o(.text.UsageFault_Handler)
    [Anonymous Symbol]                       0x08004990   Section        0  led.o(.text.led_init)
    [Anonymous Symbol]                       0x08004a28   Section        0  main.o(.text.main)
    $v0                                      0x08004abe   Number         0  fpinit.o(x$fpl$fpinit)
    x$fpl$fpinit                             0x08004abe   Section       26  fpinit.o(x$fpl$fpinit)
    BackColor                                0x20000000   Data           2  lcd.o(.data.BackColor)
    [Anonymous Symbol]                       0x20000000   Section        0  lcd.o(.data.BackColor)
    .bss                                     0x20000010   Section       96  libspace.o(.bss)
    TextColor                                0x20000070   Data           2  lcd.o(.bss.TextColor)
    [Anonymous Symbol]                       0x20000070   Section        0  lcd.o(.bss.TextColor)
    Heap_Mem                                 0x20000130   Data         512  startup_stm32g431xx.o(HEAP)
    HEAP                                     0x20000130   Section      512  startup_stm32g431xx.o(HEAP)
    Stack_Mem                                0x20000330   Data        1024  startup_stm32g431xx.o(STACK)
    STACK                                    0x20000330   Section     1024  startup_stm32g431xx.o(STACK)
    __initial_sp                             0x20000730   Data           0  startup_stm32g431xx.o(STACK)

    Global Symbols

    Symbol Name                              Value     Ov Type        Size  Object(Section)

    BuildAttributes$$THM_ISAv4$E$P$D$K$B$S$7EM$VFPi3$EXTD16$VFPS$VFMA$PE$A:L22UL41UL21$X:L11$S22US41US21$IEEE1$IW$~IW$USESV6$~STKCKD$USESV7$~SHL$OTIME$ROPI$EBA8$UX$STANDARDLIB$REQ8$PRES8$EABIv2 0x00000000   Number         0  anon$$obj.o ABSOLUTE
    __ARM_exceptions_init                     - Undefined Weak Reference
    __alloca_initialize                       - Undefined Weak Reference
    __arm_preinit_                            - Undefined Weak Reference
    __arm_relocate_pie_                       - Undefined Weak Reference
    __cpp_initialize__aeabi_                  - Undefined Weak Reference
    __cxa_finalize                            - Undefined Weak Reference
    __rt_locale                               - Undefined Weak Reference
    __sigvec_lookup                           - Undefined Weak Reference
    _atexit_init                              - Undefined Weak Reference
    _call_atexit_fns                          - Undefined Weak Reference
    _clock_init                               - Undefined Weak Reference
    _fp_trap_init                             - Undefined Weak Reference
    _fp_trap_shutdown                         - Undefined Weak Reference
    _get_lc_collate                           - Undefined Weak Reference
    _get_lc_ctype                             - Undefined Weak Reference
    _get_lc_monetary                          - Undefined Weak Reference
    _get_lc_numeric                           - Undefined Weak Reference
    _get_lc_time                              - Undefined Weak Reference
    _getenv_init                              - Undefined Weak Reference
    _handle_redirection                       - Undefined Weak Reference
    _init_alloc                               - Undefined Weak Reference
    _init_user_alloc                          - Undefined Weak Reference
    _initio                                   - Undefined Weak Reference
    _rand_init                                - Undefined Weak Reference
    _signal_finish                            - Undefined Weak Reference
    _signal_init                              - Undefined Weak Reference
    _terminate_alloc                          - Undefined Weak Reference
    _terminate_user_alloc                     - Undefined Weak Reference
    _terminateio                              - Undefined Weak Reference
    __Vectors_Size                           0x000001d8   Number         0  startup_stm32g431xx.o ABSOLUTE
    __Vectors                                0x08000000   Data           4  startup_stm32g431xx.o(RESET)
    __Vectors_End                            0x080001d8   Data           0  startup_stm32g431xx.o(RESET)
    __main                                   0x080001d9   Thumb Code     8  __main.o(!!!main)
    __scatterload                            0x080001e1   Thumb Code     0  __scatter.o(!!!scatter)
    __scatterload_rt2                        0x080001e1   Thumb Code    84  __scatter.o(!!!scatter)
    __scatterload_rt2_thumb_only             0x080001e1   Thumb Code     0  __scatter.o(!!!scatter)
    __scatterload_loop                       0x080001eb   Thumb Code     0  __scatter.o(!!!scatter)
    __scatterload_copy                       0x0800023d   Thumb Code    26  __scatter_copy.o(!!handler_copy)
    __scatterload_null                       0x08000259   Thumb Code     2  __scatter.o(!!handler_null)
    __scatterload_zeroinit                   0x0800025d   Thumb Code    28  __scatter_zi.o(!!handler_zi)
    __rt_lib_init                            0x08000279   Thumb Code     0  libinit.o(.ARM.Collect$$libinit$$00000000)
    __rt_lib_init_fp_1                       0x0800027b   Thumb Code     0  libinit2.o(.ARM.Collect$$libinit$$00000001)
    __rt_lib_init_alloca_1                   0x0800027f   Thumb Code     0  libinit2.o(.ARM.Collect$$libinit$$00000030)
    __rt_lib_init_argv_1                     0x0800027f   Thumb Code     0  libinit2.o(.ARM.Collect$$libinit$$0000002E)
    __rt_lib_init_atexit_1                   0x0800027f   Thumb Code     0  libinit2.o(.ARM.Collect$$libinit$$0000001D)
    __rt_lib_init_clock_1                    0x0800027f   Thumb Code     0  libinit2.o(.ARM.Collect$$libinit$$00000023)
    __rt_lib_init_cpp_1                      0x0800027f   Thumb Code     0  libinit2.o(.ARM.Collect$$libinit$$00000034)
    __rt_lib_init_exceptions_1               0x0800027f   Thumb Code     0  libinit2.o(.ARM.Collect$$libinit$$00000032)
    __rt_lib_init_fp_trap_1                  0x0800027f   Thumb Code     0  libinit2.o(.ARM.Collect$$libinit$$00000021)
    __rt_lib_init_getenv_1                   0x0800027f   Thumb Code     0  libinit2.o(.ARM.Collect$$libinit$$00000025)
    __rt_lib_init_heap_1                     0x0800027f   Thumb Code     0  libinit2.o(.ARM.Collect$$libinit$$0000000C)
    __rt_lib_init_lc_collate_1               0x0800027f   Thumb Code     0  libinit2.o(.ARM.Collect$$libinit$$00000013)
    __rt_lib_init_lc_ctype_1                 0x0800027f   Thumb Code     0  libinit2.o(.ARM.Collect$$libinit$$00000015)
    __rt_lib_init_lc_monetary_1              0x0800027f   Thumb Code     0  libinit2.o(.ARM.Collect$$libinit$$00000017)
    __rt_lib_init_lc_numeric_1               0x0800027f   Thumb Code     0  libinit2.o(.ARM.Collect$$libinit$$00000019)
    __rt_lib_init_lc_time_1                  0x0800027f   Thumb Code     0  libinit2.o(.ARM.Collect$$libinit$$0000001B)
    __rt_lib_init_preinit_1                  0x0800027f   Thumb Code     0  libinit2.o(.ARM.Collect$$libinit$$00000006)
    __rt_lib_init_rand_1                     0x0800027f   Thumb Code     0  libinit2.o(.ARM.Collect$$libinit$$00000010)
    __rt_lib_init_relocate_pie_1             0x0800027f   Thumb Code     0  libinit2.o(.ARM.Collect$$libinit$$00000004)
    __rt_lib_init_return                     0x0800027f   Thumb Code     0  libinit2.o(.ARM.Collect$$libinit$$00000035)
    __rt_lib_init_signal_1                   0x0800027f   Thumb Code     0  libinit2.o(.ARM.Collect$$libinit$$0000001F)
    __rt_lib_init_stdio_1                    0x0800027f   Thumb Code     0  libinit2.o(.ARM.Collect$$libinit$$00000027)
    __rt_lib_init_user_alloc_1               0x0800027f   Thumb Code     0  libinit2.o(.ARM.Collect$$libinit$$0000000E)
    __rt_lib_shutdown                        0x08000281   Thumb Code     0  libshutdown.o(.ARM.Collect$$libshutdown$$00000000)
    __rt_lib_shutdown_cpp_1                  0x08000283   Thumb Code     0  libshutdown2.o(.ARM.Collect$$libshutdown$$00000002)
    __rt_lib_shutdown_fp_trap_1              0x08000283   Thumb Code     0  libshutdown2.o(.ARM.Collect$$libshutdown$$00000007)
    __rt_lib_shutdown_heap_1                 0x08000283   Thumb Code     0  libshutdown2.o(.ARM.Collect$$libshutdown$$0000000F)
    __rt_lib_shutdown_return                 0x08000283   Thumb Code     0  libshutdown2.o(.ARM.Collect$$libshutdown$$00000010)
    __rt_lib_shutdown_signal_1               0x08000283   Thumb Code     0  libshutdown2.o(.ARM.Collect$$libshutdown$$0000000A)
    __rt_lib_shutdown_stdio_1                0x08000283   Thumb Code     0  libshutdown2.o(.ARM.Collect$$libshutdown$$00000004)
    __rt_lib_shutdown_user_alloc_1           0x08000283   Thumb Code     0  libshutdown2.o(.ARM.Collect$$libshutdown$$0000000C)
    __rt_entry                               0x08000285   Thumb Code     0  __rtentry.o(.ARM.Collect$$rtentry$$00000000)
    __rt_entry_presh_1                       0x08000285   Thumb Code     0  __rtentry2.o(.ARM.Collect$$rtentry$$00000002)
    __rt_entry_sh                            0x08000285   Thumb Code     0  __rtentry4.o(.ARM.Collect$$rtentry$$00000004)
    __rt_entry_li                            0x0800028b   Thumb Code     0  __rtentry2.o(.ARM.Collect$$rtentry$$0000000A)
    __rt_entry_postsh_1                      0x0800028b   Thumb Code     0  __rtentry2.o(.ARM.Collect$$rtentry$$00000009)
    __rt_entry_main                          0x0800028f   Thumb Code     0  __rtentry2.o(.ARM.Collect$$rtentry$$0000000D)
    __rt_entry_postli_1                      0x0800028f   Thumb Code     0  __rtentry2.o(.ARM.Collect$$rtentry$$0000000C)
    __rt_exit                                0x08000297   Thumb Code     0  rtexit.o(.ARM.Collect$$rtexit$$00000000)
    __rt_exit_ls                             0x08000299   Thumb Code     0  rtexit2.o(.ARM.Collect$$rtexit$$00000003)
    __rt_exit_prels_1                        0x08000299   Thumb Code     0  rtexit2.o(.ARM.Collect$$rtexit$$00000002)
    __rt_exit_exit                           0x0800029d   Thumb Code     0  rtexit2.o(.ARM.Collect$$rtexit$$00000004)
    Reset_Handler                            0x080002a5   Thumb Code     8  startup_stm32g431xx.o(.text)
    COMP1_2_3_IRQHandler                     0x080002bf   Thumb Code     0  startup_stm32g431xx.o(.text)
    COMP4_IRQHandler                         0x080002bf   Thumb Code     0  startup_stm32g431xx.o(.text)
    CORDIC_IRQHandler                        0x080002bf   Thumb Code     0  startup_stm32g431xx.o(.text)
    CRS_IRQHandler                           0x080002bf   Thumb Code     0  startup_stm32g431xx.o(.text)
    DMA1_Channel1_IRQHandler                 0x080002bf   Thumb Code     0  startup_stm32g431xx.o(.text)
    DMA1_Channel2_IRQHandler                 0x080002bf   Thumb Code     0  startup_stm32g431xx.o(.text)
    DMA1_Channel3_IRQHandler                 0x080002bf   Thumb Code     0  startup_stm32g431xx.o(.text)
    DMA1_Channel4_IRQHandler                 0x080002bf   Thumb Code     0  startup_stm32g431xx.o(.text)
    DMA1_Channel5_IRQHandler                 0x080002bf   Thumb Code     0  startup_stm32g431xx.o(.text)
    DMA1_Channel6_IRQHandler                 0x080002bf   Thumb Code     0  startup_stm32g431xx.o(.text)
    DMA2_Channel1_IRQHandler                 0x080002bf   Thumb Code     0  startup_stm32g431xx.o(.text)
    DMA2_Channel2_IRQHandler                 0x080002bf   Thumb Code     0  startup_stm32g431xx.o(.text)
    DMA2_Channel3_IRQHandler                 0x080002bf   Thumb Code     0  startup_stm32g431xx.o(.text)
    DMA2_Channel4_IRQHandler                 0x080002bf   Thumb Code     0  startup_stm32g431xx.o(.text)
    DMA2_Channel5_IRQHandler                 0x080002bf   Thumb Code     0  startup_stm32g431xx.o(.text)
    DMA2_Channel6_IRQHandler                 0x080002bf   Thumb Code     0  startup_stm32g431xx.o(.text)
    DMAMUX_OVR_IRQHandler                    0x080002bf   Thumb Code     0  startup_stm32g431xx.o(.text)
    EXTI0_IRQHandler                         0x080002bf   Thumb Code     0  startup_stm32g431xx.o(.text)
    EXTI15_10_IRQHandler                     0x080002bf   Thumb Code     0  startup_stm32g431xx.o(.text)
    EXTI1_IRQHandler                         0x080002bf   Thumb Code     0  startup_stm32g431xx.o(.text)
    EXTI2_IRQHandler                         0x080002bf   Thumb Code     0  startup_stm32g431xx.o(.text)
    EXTI3_IRQHandler                         0x080002bf   Thumb Code     0  startup_stm32g431xx.o(.text)
    EXTI4_IRQHandler                         0x080002bf   Thumb Code     0  startup_stm32g431xx.o(.text)
    EXTI9_5_IRQHandler                       0x080002bf   Thumb Code     0  startup_stm32g431xx.o(.text)
    FDCAN1_IT0_IRQHandler                    0x080002bf   Thumb Code     0  startup_stm32g431xx.o(.text)
    FDCAN1_IT1_IRQHandler                    0x080002bf   Thumb Code     0  startup_stm32g431xx.o(.text)
    FLASH_IRQHandler                         0x080002bf   Thumb Code     0  startup_stm32g431xx.o(.text)
    FMAC_IRQHandler                          0x080002bf   Thumb Code     0  startup_stm32g431xx.o(.text)
    FPU_IRQHandler                           0x080002bf   Thumb Code     0  startup_stm32g431xx.o(.text)
    I2C1_ER_IRQHandler                       0x080002bf   Thumb Code     0  startup_stm32g431xx.o(.text)
    I2C1_EV_IRQHandler                       0x080002bf   Thumb Code     0  startup_stm32g431xx.o(.text)
    I2C2_ER_IRQHandler                       0x080002bf   Thumb Code     0  startup_stm32g431xx.o(.text)
    I2C2_EV_IRQHandler                       0x080002bf   Thumb Code     0  startup_stm32g431xx.o(.text)
    I2C3_ER_IRQHandler                       0x080002bf   Thumb Code     0  startup_stm32g431xx.o(.text)
    I2C3_EV_IRQHandler                       0x080002bf   Thumb Code     0  startup_stm32g431xx.o(.text)
    LPTIM1_IRQHandler                        0x080002bf   Thumb Code     0  startup_stm32g431xx.o(.text)
    LPUART1_IRQHandler                       0x080002bf   Thumb Code     0  startup_stm32g431xx.o(.text)
    PVD_PVM_IRQHandler                       0x080002bf   Thumb Code     0  startup_stm32g431xx.o(.text)
    RCC_IRQHandler                           0x080002bf   Thumb Code     0  startup_stm32g431xx.o(.text)
    RNG_IRQHandler                           0x080002bf   Thumb Code     0  startup_stm32g431xx.o(.text)
    RTC_Alarm_IRQHandler                     0x080002bf   Thumb Code     0  startup_stm32g431xx.o(.text)
    RTC_TAMP_LSECSS_IRQHandler               0x080002bf   Thumb Code     0  startup_stm32g431xx.o(.text)
    RTC_WKUP_IRQHandler                      0x080002bf   Thumb Code     0  startup_stm32g431xx.o(.text)
    SAI1_IRQHandler                          0x080002bf   Thumb Code     0  startup_stm32g431xx.o(.text)
    SPI1_IRQHandler                          0x080002bf   Thumb Code     0  startup_stm32g431xx.o(.text)
    SPI2_IRQHandler                          0x080002bf   Thumb Code     0  startup_stm32g431xx.o(.text)
    SPI3_IRQHandler                          0x080002bf   Thumb Code     0  startup_stm32g431xx.o(.text)
    TIM1_BRK_TIM15_IRQHandler                0x080002bf   Thumb Code     0  startup_stm32g431xx.o(.text)
    TIM1_CC_IRQHandler                       0x080002bf   Thumb Code     0  startup_stm32g431xx.o(.text)
    TIM1_TRG_COM_TIM17_IRQHandler            0x080002bf   Thumb Code     0  startup_stm32g431xx.o(.text)
    TIM1_UP_TIM16_IRQHandler                 0x080002bf   Thumb Code     0  startup_stm32g431xx.o(.text)
    TIM2_IRQHandler                          0x080002bf   Thumb Code     0  startup_stm32g431xx.o(.text)
    TIM3_IRQHandler                          0x080002bf   Thumb Code     0  startup_stm32g431xx.o(.text)
    TIM4_IRQHandler                          0x080002bf   Thumb Code     0  startup_stm32g431xx.o(.text)
    TIM7_IRQHandler                          0x080002bf   Thumb Code     0  startup_stm32g431xx.o(.text)
    TIM8_BRK_IRQHandler                      0x080002bf   Thumb Code     0  startup_stm32g431xx.o(.text)
    TIM8_CC_IRQHandler                       0x080002bf   Thumb Code     0  startup_stm32g431xx.o(.text)
    TIM8_TRG_COM_IRQHandler                  0x080002bf   Thumb Code     0  startup_stm32g431xx.o(.text)
    TIM8_UP_IRQHandler                       0x080002bf   Thumb Code     0  startup_stm32g431xx.o(.text)
    UART4_IRQHandler                         0x080002bf   Thumb Code     0  startup_stm32g431xx.o(.text)
    UCPD1_IRQHandler                         0x080002bf   Thumb Code     0  startup_stm32g431xx.o(.text)
    USART1_IRQHandler                        0x080002bf   Thumb Code     0  startup_stm32g431xx.o(.text)
    USART2_IRQHandler                        0x080002bf   Thumb Code     0  startup_stm32g431xx.o(.text)
    USART3_IRQHandler                        0x080002bf   Thumb Code     0  startup_stm32g431xx.o(.text)
    USBWakeUp_IRQHandler                     0x080002bf   Thumb Code     0  startup_stm32g431xx.o(.text)
    USB_HP_IRQHandler                        0x080002bf   Thumb Code     0  startup_stm32g431xx.o(.text)
    USB_LP_IRQHandler                        0x080002bf   Thumb Code     0  startup_stm32g431xx.o(.text)
    WWDG_IRQHandler                          0x080002bf   Thumb Code     0  startup_stm32g431xx.o(.text)
    __user_initial_stackheap                 0x080002c1   Thumb Code     0  startup_stm32g431xx.o(.text)
    __aeabi_memclr4                          0x080002e5   Thumb Code     0  rt_memclr_w.o(.text)
    __aeabi_memclr8                          0x080002e5   Thumb Code     0  rt_memclr_w.o(.text)
    __rt_memclr_w                            0x080002e5   Thumb Code     0  rt_memclr_w.o(.text)
    _memset_w                                0x080002e9   Thumb Code    74  rt_memclr_w.o(.text)
    __use_two_region_memory                  0x08000333   Thumb Code     2  heapauxi.o(.text)
    __rt_heap_escrow$2region                 0x08000335   Thumb Code     2  heapauxi.o(.text)
    __rt_heap_expand$2region                 0x08000337   Thumb Code     2  heapauxi.o(.text)
    __user_setup_stackheap                   0x08000339   Thumb Code    74  sys_stackheap_outer.o(.text)
    exit                                     0x08000383   Thumb Code    18  exit.o(.text)
    __user_libspace                          0x08000395   Thumb Code     8  libspace.o(.text)
    __user_perproc_libspace                  0x08000395   Thumb Code     0  libspace.o(.text)
    __user_perthread_libspace                0x08000395   Thumb Code     0  libspace.o(.text)
    _sys_exit                                0x0800039d   Thumb Code     8  sys_exit.o(.text)
    __I$use$semihosting                      0x080003a9   Thumb Code     0  use_no_semi.o(.text)
    __use_no_semihosting_swi                 0x080003a9   Thumb Code     2  use_no_semi.o(.text)
    __semihosting_library_function           0x080003ab   Thumb Code     0  indicate_semi.o(.text)
    ADC1_2_IRQHandler                        0x080003ad   Thumb Code    12  stm32g4xx_it.o(.text.ADC1_2_IRQHandler)
    BusFault_Handler                         0x080003b9   Thumb Code     2  stm32g4xx_it.o(.text.BusFault_Handler)
    DebugMon_Handler                         0x080003bd   Thumb Code     2  stm32g4xx_it.o(.text.DebugMon_Handler)
    Error_Handler                            0x080003c1   Thumb Code    10  main.o(.text.Error_Handler)
    HAL_ADCEx_EndOfSamplingCallback          0x080003cd   Thumb Code     2  stm32g4xx_hal_adc_ex.o(.text.HAL_ADCEx_EndOfSamplingCallback)
    HAL_ADCEx_InjectedConvCpltCallback       0x080003d1   Thumb Code     2  stm32g4xx_hal_adc_ex.o(.text.HAL_ADCEx_InjectedConvCpltCallback)
    HAL_ADCEx_InjectedQueueOverflowCallback  0x080003d5   Thumb Code     2  stm32g4xx_hal_adc_ex.o(.text.HAL_ADCEx_InjectedQueueOverflowCallback)
    HAL_ADCEx_LevelOutOfWindow2Callback      0x080003d9   Thumb Code     2  stm32g4xx_hal_adc_ex.o(.text.HAL_ADCEx_LevelOutOfWindow2Callback)
    HAL_ADCEx_LevelOutOfWindow3Callback      0x080003dd   Thumb Code     2  stm32g4xx_hal_adc_ex.o(.text.HAL_ADCEx_LevelOutOfWindow3Callback)
    HAL_ADC_ConfigChannel                    0x080003e1   Thumb Code   914  stm32g4xx_hal_adc.o(.text.HAL_ADC_ConfigChannel)
    HAL_ADC_ConvCpltCallback                 0x08000775   Thumb Code     2  stm32g4xx_hal_adc.o(.text.HAL_ADC_ConvCpltCallback)
    HAL_ADC_ErrorCallback                    0x08000779   Thumb Code     2  stm32g4xx_hal_adc.o(.text.HAL_ADC_ErrorCallback)
    HAL_ADC_IRQHandler                       0x0800077d   Thumb Code   630  stm32g4xx_hal_adc.o(.text.HAL_ADC_IRQHandler)
    HAL_ADC_Init                             0x080009f5   Thumb Code   550  stm32g4xx_hal_adc.o(.text.HAL_ADC_Init)
    HAL_ADC_LevelOutOfWindowCallback         0x08000c1d   Thumb Code     2  stm32g4xx_hal_adc.o(.text.HAL_ADC_LevelOutOfWindowCallback)
    HAL_ADC_MspInit                          0x08000c21   Thumb Code   154  adc.o(.text.HAL_ADC_MspInit)
    HAL_Delay                                0x08000cbd   Thumb Code    40  stm32g4xx_hal.o(.text.HAL_Delay)
    HAL_GPIO_Init                            0x08000ce5   Thumb Code   412  stm32g4xx_hal_gpio.o(.text.HAL_GPIO_Init)
    HAL_GPIO_WritePin                        0x08000e81   Thumb Code    12  stm32g4xx_hal_gpio.o(.text.HAL_GPIO_WritePin)
    HAL_GetTick                              0x08000e8d   Thumb Code    12  stm32g4xx_hal.o(.text.HAL_GetTick)
    HAL_IncTick                              0x08000e99   Thumb Code    26  stm32g4xx_hal.o(.text.HAL_IncTick)
    HAL_Init                                 0x08000eb5   Thumb Code    30  stm32g4xx_hal.o(.text.HAL_Init)
    HAL_InitTick                             0x08000ed5   Thumb Code    84  stm32g4xx_hal.o(.text.HAL_InitTick)
    HAL_MspInit                              0x08000f29   Thumb Code    52  stm32g4xx_hal_msp.o(.text.HAL_MspInit)
    HAL_NVIC_EnableIRQ                       0x08000f5d   Thumb Code    34  stm32g4xx_hal_cortex.o(.text.HAL_NVIC_EnableIRQ)
    HAL_NVIC_SetPriority                     0x08000f81   Thumb Code    86  stm32g4xx_hal_cortex.o(.text.HAL_NVIC_SetPriority)
    HAL_NVIC_SetPriorityGrouping             0x08000fd9   Thumb Code    32  stm32g4xx_hal_cortex.o(.text.HAL_NVIC_SetPriorityGrouping)
    HAL_PWREx_ControlVoltageScaling          0x08000ff9   Thumb Code   292  stm32g4xx_hal_pwr_ex.o(.text.HAL_PWREx_ControlVoltageScaling)
    HAL_PWREx_DisableUCPDDeadBattery         0x0800111d   Thumb Code    18  stm32g4xx_hal_pwr_ex.o(.text.HAL_PWREx_DisableUCPDDeadBattery)
    HAL_RCCEx_PeriphCLKConfig                0x08001131   Thumb Code   610  stm32g4xx_hal_rcc_ex.o(.text.HAL_RCCEx_PeriphCLKConfig)
    HAL_RCC_ClockConfig                      0x08001395   Thumb Code   772  stm32g4xx_hal_rcc.o(.text.HAL_RCC_ClockConfig)
    HAL_RCC_OscConfig                        0x08001699   Thumb Code  1176  stm32g4xx_hal_rcc.o(.text.HAL_RCC_OscConfig)
    HAL_SYSTICK_Config                       0x08001b31   Thumb Code    44  stm32g4xx_hal_cortex.o(.text.HAL_SYSTICK_Config)
    HAL_TIMEx_Break2Callback                 0x08001b5d   Thumb Code     2  stm32g4xx_hal_tim_ex.o(.text.HAL_TIMEx_Break2Callback)
    HAL_TIMEx_BreakCallback                  0x08001b61   Thumb Code     2  stm32g4xx_hal_tim_ex.o(.text.HAL_TIMEx_BreakCallback)
    HAL_TIMEx_CommutCallback                 0x08001b65   Thumb Code     2  stm32g4xx_hal_tim_ex.o(.text.HAL_TIMEx_CommutCallback)
    HAL_TIMEx_DirectionChangeCallback        0x08001b69   Thumb Code     2  stm32g4xx_hal_tim_ex.o(.text.HAL_TIMEx_DirectionChangeCallback)
    HAL_TIMEx_EncoderIndexCallback           0x08001b6d   Thumb Code     2  stm32g4xx_hal_tim_ex.o(.text.HAL_TIMEx_EncoderIndexCallback)
    HAL_TIMEx_IndexErrorCallback             0x08001b71   Thumb Code     2  stm32g4xx_hal_tim_ex.o(.text.HAL_TIMEx_IndexErrorCallback)
    HAL_TIMEx_MasterConfigSynchronization    0x08001b75   Thumb Code   166  stm32g4xx_hal_tim_ex.o(.text.HAL_TIMEx_MasterConfigSynchronization)
    HAL_TIMEx_TransitionErrorCallback        0x08001c1d   Thumb Code     2  stm32g4xx_hal_tim_ex.o(.text.HAL_TIMEx_TransitionErrorCallback)
    HAL_TIM_Base_Init                        0x08001c21   Thumb Code    98  stm32g4xx_hal_tim.o(.text.HAL_TIM_Base_Init)
    HAL_TIM_Base_MspInit                     0x08001c85   Thumb Code    68  tim.o(.text.HAL_TIM_Base_MspInit)
    HAL_TIM_IC_CaptureCallback               0x08001cc9   Thumb Code     2  stm32g4xx_hal_tim.o(.text.HAL_TIM_IC_CaptureCallback)
    HAL_TIM_IRQHandler                       0x08001ccd   Thumb Code   454  stm32g4xx_hal_tim.o(.text.HAL_TIM_IRQHandler)
    HAL_TIM_OC_DelayElapsedCallback          0x08001e95   Thumb Code     2  stm32g4xx_hal_tim.o(.text.HAL_TIM_OC_DelayElapsedCallback)
    HAL_TIM_PWM_PulseFinishedCallback        0x08001e99   Thumb Code     2  stm32g4xx_hal_tim.o(.text.HAL_TIM_PWM_PulseFinishedCallback)
    HAL_TIM_PeriodElapsedCallback            0x08001e9d   Thumb Code     2  stm32g4xx_hal_tim.o(.text.HAL_TIM_PeriodElapsedCallback)
    HAL_TIM_TriggerCallback                  0x08001ea1   Thumb Code     2  stm32g4xx_hal_tim.o(.text.HAL_TIM_TriggerCallback)
    HardFault_Handler                        0x08001ea5   Thumb Code     2  stm32g4xx_it.o(.text.HardFault_Handler)
    LCD_Clear                                0x08001ea9   Thumb Code   444  lcd.o(.text.LCD_Clear)
    LCD_Init                                 0x08002065   Thumb Code   558  lcd.o(.text.LCD_Init)
    LCD_SetBackColor                         0x08002295   Thumb Code    24  lcd.o(.text.LCD_SetBackColor)
    LCD_SetCursor                            0x080022ad   Thumb Code   220  lcd.o(.text.LCD_SetCursor)
    LCD_SetTextColor                         0x08002389   Thumb Code    24  lcd.o(.text.LCD_SetTextColor)
    MX_ADC2_Init                             0x080023a1   Thumb Code   130  adc.o(.text.MX_ADC2_Init)
    MX_GPIO_Init                             0x08002425   Thumb Code   116  gpio.o(.text.MX_GPIO_Init)
    MX_TIM6_Init                             0x08002499   Thumb Code    80  tim.o(.text.MX_TIM6_Init)
    MemManage_Handler                        0x080024e9   Thumb Code     2  stm32g4xx_it.o(.text.MemManage_Handler)
    NMI_Handler                              0x080024ed   Thumb Code     2  stm32g4xx_it.o(.text.NMI_Handler)
    PendSV_Handler                           0x080024f1   Thumb Code     2  stm32g4xx_it.o(.text.PendSV_Handler)
    REG_8230_Init                            0x080024f5   Thumb Code  3084  lcd.o(.text.REG_8230_Init)
    REG_932X_Init                            0x08003101   Thumb Code  5966  lcd.o(.text.REG_932X_Init)
    SVC_Handler                              0x08004851   Thumb Code     2  stm32g4xx_it.o(.text.SVC_Handler)
    SysTick_Handler                          0x08004855   Thumb Code     4  stm32g4xx_it.o(.text.SysTick_Handler)
    SystemInit                               0x08004859   Thumb Code    18  system_stm32g4xx.o(.text.SystemInit)
    TIM6_DAC_IRQHandler                      0x0800486d   Thumb Code    12  stm32g4xx_it.o(.text.TIM6_DAC_IRQHandler)
    TIM_Base_SetConfig                       0x08004879   Thumb Code   276  stm32g4xx_hal_tim.o(.text.TIM_Base_SetConfig)
    UsageFault_Handler                       0x0800498d   Thumb Code     2  stm32g4xx_it.o(.text.UsageFault_Handler)
    led_init                                 0x08004991   Thumb Code   152  led.o(.text.led_init)
    main                                     0x08004a29   Thumb Code   150  main.o(.text.main)
    _fp_init                                 0x08004abf   Thumb Code    26  fpinit.o(x$fpl$fpinit)
    __fplib_config_fpu_vfp                   0x08004ad7   Thumb Code     0  fpinit.o(x$fpl$fpinit)
    __fplib_config_pureend_doubles           0x08004ad7   Thumb Code     0  fpinit.o(x$fpl$fpinit)
    AHBPrescTable                            0x08004ad8   Data          16  system_stm32g4xx.o(.rodata.AHBPrescTable)
    Region$$Table$$Base                      0x08004ae8   Number         0  anon$$obj.o(Region$$Table)
    Region$$Table$$Limit                     0x08004b08   Number         0  anon$$obj.o(Region$$Table)
    SystemCoreClock                          0x20000004   Data           4  system_stm32g4xx.o(.data.SystemCoreClock)
    uwTickFreq                               0x20000008   Data           4  stm32g4xx_hal.o(.data.uwTickFreq)
    uwTickPrio                               0x2000000c   Data           4  stm32g4xx_hal.o(.data.uwTickPrio)
    __libspace_start                         0x20000010   Data          96  libspace.o(.bss)
    __temporary_stack_top$libspace           0x20000070   Data           0  libspace.o(.bss)
    dummy                                    0x20000072   Data           2  lcd.o(.bss.dummy)
    hadc2                                    0x20000074   Data         108  adc.o(.bss.hadc2)
    htim6                                    0x200000e0   Data          76  tim.o(.bss.htim6)
    uwTick                                   0x2000012c   Data           4  stm32g4xx_hal.o(.bss.uwTick)



==============================================================================

Memory Map of the image

  Image Entry point : 0x080001d9

  Load Region LR_IROM1 (Base: 0x08000000, Size: 0x00004b18, Max: 0x00020000, ABSOLUTE)

    Execution Region ER_IROM1 (Exec base: 0x08000000, Load base: 0x08000000, Size: 0x00004b08, Max: 0x00020000, ABSOLUTE)

    Exec Addr    Load Addr    Size         Type   Attr      Idx    E Section Name        Object

    0x08000000   0x08000000   0x000001d8   Data   RO            3    RESET               startup_stm32g431xx.o
    0x080001d8   0x080001d8   0x00000008   Code   RO         1231  * !!!main             c_w.l(__main.o)
    0x080001e0   0x080001e0   0x0000005c   Code   RO         1396    !!!scatter          c_w.l(__scatter.o)
    0x0800023c   0x0800023c   0x0000001a   Code   RO         1400    !!handler_copy      c_w.l(__scatter_copy.o)
    0x08000256   0x08000256   0x00000002   PAD
    0x08000258   0x08000258   0x00000002   Code   RO         1397    !!handler_null      c_w.l(__scatter.o)
    0x0800025a   0x0800025a   0x00000002   PAD
    0x0800025c   0x0800025c   0x0000001c   Code   RO         1402    !!handler_zi        c_w.l(__scatter_zi.o)
    0x08000278   0x08000278   0x00000002   Code   RO         1258    .ARM.Collect$$libinit$$00000000  c_w.l(libinit.o)
    0x0800027a   0x0800027a   0x00000004   Code   RO         1264    .ARM.Collect$$libinit$$00000001  c_w.l(libinit2.o)
    0x0800027e   0x0800027e   0x00000000   Code   RO         1267    .ARM.Collect$$libinit$$00000004  c_w.l(libinit2.o)
    0x0800027e   0x0800027e   0x00000000   Code   RO         1269    .ARM.Collect$$libinit$$00000006  c_w.l(libinit2.o)
    0x0800027e   0x0800027e   0x00000000   Code   RO         1272    .ARM.Collect$$libinit$$0000000C  c_w.l(libinit2.o)
    0x0800027e   0x0800027e   0x00000000   Code   RO         1274    .ARM.Collect$$libinit$$0000000E  c_w.l(libinit2.o)
    0x0800027e   0x0800027e   0x00000000   Code   RO         1276    .ARM.Collect$$libinit$$00000010  c_w.l(libinit2.o)
    0x0800027e   0x0800027e   0x00000000   Code   RO         1279    .ARM.Collect$$libinit$$00000013  c_w.l(libinit2.o)
    0x0800027e   0x0800027e   0x00000000   Code   RO         1281    .ARM.Collect$$libinit$$00000015  c_w.l(libinit2.o)
    0x0800027e   0x0800027e   0x00000000   Code   RO         1283    .ARM.Collect$$libinit$$00000017  c_w.l(libinit2.o)
    0x0800027e   0x0800027e   0x00000000   Code   RO         1285    .ARM.Collect$$libinit$$00000019  c_w.l(libinit2.o)
    0x0800027e   0x0800027e   0x00000000   Code   RO         1287    .ARM.Collect$$libinit$$0000001B  c_w.l(libinit2.o)
    0x0800027e   0x0800027e   0x00000000   Code   RO         1289    .ARM.Collect$$libinit$$0000001D  c_w.l(libinit2.o)
    0x0800027e   0x0800027e   0x00000000   Code   RO         1291    .ARM.Collect$$libinit$$0000001F  c_w.l(libinit2.o)
    0x0800027e   0x0800027e   0x00000000   Code   RO         1293    .ARM.Collect$$libinit$$00000021  c_w.l(libinit2.o)
    0x0800027e   0x0800027e   0x00000000   Code   RO         1295    .ARM.Collect$$libinit$$00000023  c_w.l(libinit2.o)
    0x0800027e   0x0800027e   0x00000000   Code   RO         1297    .ARM.Collect$$libinit$$00000025  c_w.l(libinit2.o)
    0x0800027e   0x0800027e   0x00000000   Code   RO         1299    .ARM.Collect$$libinit$$00000027  c_w.l(libinit2.o)
    0x0800027e   0x0800027e   0x00000000   Code   RO         1303    .ARM.Collect$$libinit$$0000002E  c_w.l(libinit2.o)
    0x0800027e   0x0800027e   0x00000000   Code   RO         1305    .ARM.Collect$$libinit$$00000030  c_w.l(libinit2.o)
    0x0800027e   0x0800027e   0x00000000   Code   RO         1307    .ARM.Collect$$libinit$$00000032  c_w.l(libinit2.o)
    0x0800027e   0x0800027e   0x00000000   Code   RO         1309    .ARM.Collect$$libinit$$00000034  c_w.l(libinit2.o)
    0x0800027e   0x0800027e   0x00000002   Code   RO         1310    .ARM.Collect$$libinit$$00000035  c_w.l(libinit2.o)
    0x08000280   0x08000280   0x00000002   Code   RO         1332    .ARM.Collect$$libshutdown$$00000000  c_w.l(libshutdown.o)
    0x08000282   0x08000282   0x00000000   Code   RO         1347    .ARM.Collect$$libshutdown$$00000002  c_w.l(libshutdown2.o)
    0x08000282   0x08000282   0x00000000   Code   RO         1349    .ARM.Collect$$libshutdown$$00000004  c_w.l(libshutdown2.o)
    0x08000282   0x08000282   0x00000000   Code   RO         1352    .ARM.Collect$$libshutdown$$00000007  c_w.l(libshutdown2.o)
    0x08000282   0x08000282   0x00000000   Code   RO         1355    .ARM.Collect$$libshutdown$$0000000A  c_w.l(libshutdown2.o)
    0x08000282   0x08000282   0x00000000   Code   RO         1357    .ARM.Collect$$libshutdown$$0000000C  c_w.l(libshutdown2.o)
    0x08000282   0x08000282   0x00000000   Code   RO         1360    .ARM.Collect$$libshutdown$$0000000F  c_w.l(libshutdown2.o)
    0x08000282   0x08000282   0x00000002   Code   RO         1361    .ARM.Collect$$libshutdown$$00000010  c_w.l(libshutdown2.o)
    0x08000284   0x08000284   0x00000000   Code   RO         1233    .ARM.Collect$$rtentry$$00000000  c_w.l(__rtentry.o)
    0x08000284   0x08000284   0x00000000   Code   RO         1235    .ARM.Collect$$rtentry$$00000002  c_w.l(__rtentry2.o)
    0x08000284   0x08000284   0x00000006   Code   RO         1247    .ARM.Collect$$rtentry$$00000004  c_w.l(__rtentry4.o)
    0x0800028a   0x0800028a   0x00000000   Code   RO         1237    .ARM.Collect$$rtentry$$00000009  c_w.l(__rtentry2.o)
    0x0800028a   0x0800028a   0x00000004   Code   RO         1238    .ARM.Collect$$rtentry$$0000000A  c_w.l(__rtentry2.o)
    0x0800028e   0x0800028e   0x00000000   Code   RO         1240    .ARM.Collect$$rtentry$$0000000C  c_w.l(__rtentry2.o)
    0x0800028e   0x0800028e   0x00000008   Code   RO         1241    .ARM.Collect$$rtentry$$0000000D  c_w.l(__rtentry2.o)
    0x08000296   0x08000296   0x00000002   Code   RO         1262    .ARM.Collect$$rtexit$$00000000  c_w.l(rtexit.o)
    0x08000298   0x08000298   0x00000000   Code   RO         1312    .ARM.Collect$$rtexit$$00000002  c_w.l(rtexit2.o)
    0x08000298   0x08000298   0x00000004   Code   RO         1313    .ARM.Collect$$rtexit$$00000003  c_w.l(rtexit2.o)
    0x0800029c   0x0800029c   0x00000006   Code   RO         1314    .ARM.Collect$$rtexit$$00000004  c_w.l(rtexit2.o)
    0x080002a2   0x080002a2   0x00000002   PAD
    0x080002a4   0x080002a4   0x00000040   Code   RO            4    .text               startup_stm32g431xx.o
    0x080002e4   0x080002e4   0x0000004e   Code   RO         1227    .text               c_w.l(rt_memclr_w.o)
    0x08000332   0x08000332   0x00000006   Code   RO         1229    .text               c_w.l(heapauxi.o)
    0x08000338   0x08000338   0x0000004a   Code   RO         1249    .text               c_w.l(sys_stackheap_outer.o)
    0x08000382   0x08000382   0x00000012   Code   RO         1251    .text               c_w.l(exit.o)
    0x08000394   0x08000394   0x00000008   Code   RO         1259    .text               c_w.l(libspace.o)
    0x0800039c   0x0800039c   0x0000000c   Code   RO         1322    .text               c_w.l(sys_exit.o)
    0x080003a8   0x080003a8   0x00000002   Code   RO         1337    .text               c_w.l(use_no_semi.o)
    0x080003aa   0x080003aa   0x00000000   Code   RO         1339    .text               c_w.l(indicate_semi.o)
    0x080003aa   0x080003aa   0x00000002   PAD
    0x080003ac   0x080003ac   0x0000000c   Code   RO           84    .text.ADC1_2_IRQHandler  stm32g4xx_it.o
    0x080003b8   0x080003b8   0x00000002   Code   RO           72    .text.BusFault_Handler  stm32g4xx_it.o
    0x080003ba   0x080003ba   0x00000002   PAD
    0x080003bc   0x080003bc   0x00000002   Code   RO           78    .text.DebugMon_Handler  stm32g4xx_it.o
    0x080003be   0x080003be   0x00000002   PAD
    0x080003c0   0x080003c0   0x0000000a   Code   RO           15    .text.Error_Handler  main.o
    0x080003ca   0x080003ca   0x00000002   PAD
    0x080003cc   0x080003cc   0x00000002   Code   RO          203    .text.HAL_ADCEx_EndOfSamplingCallback  stm32g4xx_hal_adc_ex.o
    0x080003ce   0x080003ce   0x00000002   PAD
    0x080003d0   0x080003d0   0x00000002   Code   RO          195    .text.HAL_ADCEx_InjectedConvCpltCallback  stm32g4xx_hal_adc_ex.o
    0x080003d2   0x080003d2   0x00000002   PAD
    0x080003d4   0x080003d4   0x00000002   Code   RO          197    .text.HAL_ADCEx_InjectedQueueOverflowCallback  stm32g4xx_hal_adc_ex.o
    0x080003d6   0x080003d6   0x00000002   PAD
    0x080003d8   0x080003d8   0x00000002   Code   RO          199    .text.HAL_ADCEx_LevelOutOfWindow2Callback  stm32g4xx_hal_adc_ex.o
    0x080003da   0x080003da   0x00000002   PAD
    0x080003dc   0x080003dc   0x00000002   Code   RO          201    .text.HAL_ADCEx_LevelOutOfWindow3Callback  stm32g4xx_hal_adc_ex.o
    0x080003de   0x080003de   0x00000002   PAD
    0x080003e0   0x080003e0   0x00000392   Code   RO          155    .text.HAL_ADC_ConfigChannel  stm32g4xx_hal_adc.o
    0x08000772   0x08000772   0x00000002   PAD
    0x08000774   0x08000774   0x00000002   Code   RO          147    .text.HAL_ADC_ConvCpltCallback  stm32g4xx_hal_adc.o
    0x08000776   0x08000776   0x00000002   PAD
    0x08000778   0x08000778   0x00000002   Code   RO          151    .text.HAL_ADC_ErrorCallback  stm32g4xx_hal_adc.o
    0x0800077a   0x0800077a   0x00000002   PAD
    0x0800077c   0x0800077c   0x00000276   Code   RO          145    .text.HAL_ADC_IRQHandler  stm32g4xx_hal_adc.o
    0x080009f2   0x080009f2   0x00000002   PAD
    0x080009f4   0x080009f4   0x00000226   Code   RO          103    .text.HAL_ADC_Init  stm32g4xx_hal_adc.o
    0x08000c1a   0x08000c1a   0x00000002   PAD
    0x08000c1c   0x08000c1c   0x00000002   Code   RO          149    .text.HAL_ADC_LevelOutOfWindowCallback  stm32g4xx_hal_adc.o
    0x08000c1e   0x08000c1e   0x00000002   PAD
    0x08000c20   0x08000c20   0x0000009a   Code   RO           38    .text.HAL_ADC_MspInit  adc.o
    0x08000cba   0x08000cba   0x00000002   PAD
    0x08000cbc   0x08000cbc   0x00000028   Code   RO          254    .text.HAL_Delay     stm32g4xx_hal.o
    0x08000ce4   0x08000ce4   0x0000019c   Code   RO          475    .text.HAL_GPIO_Init  stm32g4xx_hal_gpio.o
    0x08000e80   0x08000e80   0x0000000c   Code   RO          481    .text.HAL_GPIO_WritePin  stm32g4xx_hal_gpio.o
    0x08000e8c   0x08000e8c   0x0000000c   Code   RO          246    .text.HAL_GetTick   stm32g4xx_hal.o
    0x08000e98   0x08000e98   0x0000001a   Code   RO          244    .text.HAL_IncTick   stm32g4xx_hal.o
    0x08000eb2   0x08000eb2   0x00000002   PAD
    0x08000eb4   0x08000eb4   0x0000001e   Code   RO          234    .text.HAL_Init      stm32g4xx_hal.o
    0x08000ed2   0x08000ed2   0x00000002   PAD
    0x08000ed4   0x08000ed4   0x00000054   Code   RO          236    .text.HAL_InitTick  stm32g4xx_hal.o
    0x08000f28   0x08000f28   0x00000034   Code   RO           95    .text.HAL_MspInit   stm32g4xx_hal_msp.o
    0x08000f5c   0x08000f5c   0x00000022   Code   RO          701    .text.HAL_NVIC_EnableIRQ  stm32g4xx_hal_cortex.o
    0x08000f7e   0x08000f7e   0x00000002   PAD
    0x08000f80   0x08000f80   0x00000056   Code   RO          699    .text.HAL_NVIC_SetPriority  stm32g4xx_hal_cortex.o
    0x08000fd6   0x08000fd6   0x00000002   PAD
    0x08000fd8   0x08000fd8   0x00000020   Code   RO          697    .text.HAL_NVIC_SetPriorityGrouping  stm32g4xx_hal_cortex.o
    0x08000ff8   0x08000ff8   0x00000124   Code   RO          617    .text.HAL_PWREx_ControlVoltageScaling  stm32g4xx_hal_pwr_ex.o
    0x0800111c   0x0800111c   0x00000012   Code   RO          687    .text.HAL_PWREx_DisableUCPDDeadBattery  stm32g4xx_hal_pwr_ex.o
    0x0800112e   0x0800112e   0x00000002   PAD
    0x08001130   0x08001130   0x00000262   Code   RO          359    .text.HAL_RCCEx_PeriphCLKConfig  stm32g4xx_hal_rcc_ex.o
    0x08001392   0x08001392   0x00000002   PAD
    0x08001394   0x08001394   0x00000304   Code   RO          325    .text.HAL_RCC_ClockConfig  stm32g4xx_hal_rcc.o
    0x08001698   0x08001698   0x00000498   Code   RO          323    .text.HAL_RCC_OscConfig  stm32g4xx_hal_rcc.o
    0x08001b30   0x08001b30   0x0000002c   Code   RO          709    .text.HAL_SYSTICK_Config  stm32g4xx_hal_cortex.o
    0x08001b5c   0x08001b5c   0x00000002   Code   RO         1094    .text.HAL_TIMEx_Break2Callback  stm32g4xx_hal_tim_ex.o
    0x08001b5e   0x08001b5e   0x00000002   PAD
    0x08001b60   0x08001b60   0x00000002   Code   RO         1092    .text.HAL_TIMEx_BreakCallback  stm32g4xx_hal_tim_ex.o
    0x08001b62   0x08001b62   0x00000002   PAD
    0x08001b64   0x08001b64   0x00000002   Code   RO         1088    .text.HAL_TIMEx_CommutCallback  stm32g4xx_hal_tim_ex.o
    0x08001b66   0x08001b66   0x00000002   PAD
    0x08001b68   0x08001b68   0x00000002   Code   RO         1098    .text.HAL_TIMEx_DirectionChangeCallback  stm32g4xx_hal_tim_ex.o
    0x08001b6a   0x08001b6a   0x00000002   PAD
    0x08001b6c   0x08001b6c   0x00000002   Code   RO         1096    .text.HAL_TIMEx_EncoderIndexCallback  stm32g4xx_hal_tim_ex.o
    0x08001b6e   0x08001b6e   0x00000002   PAD
    0x08001b70   0x08001b70   0x00000002   Code   RO         1100    .text.HAL_TIMEx_IndexErrorCallback  stm32g4xx_hal_tim_ex.o
    0x08001b72   0x08001b72   0x00000002   PAD
    0x08001b74   0x08001b74   0x000000a6   Code   RO         1038    .text.HAL_TIMEx_MasterConfigSynchronization  stm32g4xx_hal_tim_ex.o
    0x08001c1a   0x08001c1a   0x00000002   PAD
    0x08001c1c   0x08001c1c   0x00000002   Code   RO         1102    .text.HAL_TIMEx_TransitionErrorCallback  stm32g4xx_hal_tim_ex.o
    0x08001c1e   0x08001c1e   0x00000002   PAD
    0x08001c20   0x08001c20   0x00000062   Code   RO          743    .text.HAL_TIM_Base_Init  stm32g4xx_hal_tim.o
    0x08001c82   0x08001c82   0x00000002   PAD
    0x08001c84   0x08001c84   0x00000044   Code   RO           53    .text.HAL_TIM_Base_MspInit  tim.o
    0x08001cc8   0x08001cc8   0x00000002   Code   RO          879    .text.HAL_TIM_IC_CaptureCallback  stm32g4xx_hal_tim.o
    0x08001cca   0x08001cca   0x00000002   PAD
    0x08001ccc   0x08001ccc   0x000001c6   Code   RO          877    .text.HAL_TIM_IRQHandler  stm32g4xx_hal_tim.o
    0x08001e92   0x08001e92   0x00000002   PAD
    0x08001e94   0x08001e94   0x00000002   Code   RO          881    .text.HAL_TIM_OC_DelayElapsedCallback  stm32g4xx_hal_tim.o
    0x08001e96   0x08001e96   0x00000002   PAD
    0x08001e98   0x08001e98   0x00000002   Code   RO          883    .text.HAL_TIM_PWM_PulseFinishedCallback  stm32g4xx_hal_tim.o
    0x08001e9a   0x08001e9a   0x00000002   PAD
    0x08001e9c   0x08001e9c   0x00000002   Code   RO          885    .text.HAL_TIM_PeriodElapsedCallback  stm32g4xx_hal_tim.o
    0x08001e9e   0x08001e9e   0x00000002   PAD
    0x08001ea0   0x08001ea0   0x00000002   Code   RO          887    .text.HAL_TIM_TriggerCallback  stm32g4xx_hal_tim.o
    0x08001ea2   0x08001ea2   0x00000002   PAD
    0x08001ea4   0x08001ea4   0x00000002   Code   RO           68    .text.HardFault_Handler  stm32g4xx_it.o
    0x08001ea6   0x08001ea6   0x00000002   PAD
    0x08001ea8   0x08001ea8   0x000001bc   Code   RO         1154    .text.LCD_Clear     lcd.o
    0x08002064   0x08002064   0x0000022e   Code   RO         1140    .text.LCD_Init      lcd.o
    0x08002292   0x08002292   0x00000002   PAD
    0x08002294   0x08002294   0x00000018   Code   RO         1148    .text.LCD_SetBackColor  lcd.o
    0x080022ac   0x080022ac   0x000000dc   Code   RO         1156    .text.LCD_SetCursor  lcd.o
    0x08002388   0x08002388   0x00000018   Code   RO         1146    .text.LCD_SetTextColor  lcd.o
    0x080023a0   0x080023a0   0x00000082   Code   RO           36    .text.MX_ADC2_Init  adc.o
    0x08002422   0x08002422   0x00000002   PAD
    0x08002424   0x08002424   0x00000074   Code   RO           26    .text.MX_GPIO_Init  gpio.o
    0x08002498   0x08002498   0x00000050   Code   RO           51    .text.MX_TIM6_Init  tim.o
    0x080024e8   0x080024e8   0x00000002   Code   RO           70    .text.MemManage_Handler  stm32g4xx_it.o
    0x080024ea   0x080024ea   0x00000002   PAD
    0x080024ec   0x080024ec   0x00000002   Code   RO           66    .text.NMI_Handler   stm32g4xx_it.o
    0x080024ee   0x080024ee   0x00000002   PAD
    0x080024f0   0x080024f0   0x00000002   Code   RO           80    .text.PendSV_Handler  stm32g4xx_it.o
    0x080024f2   0x080024f2   0x00000002   PAD
    0x080024f4   0x080024f4   0x00000c0c   Code   RO         1134    .text.REG_8230_Init  lcd.o
    0x08003100   0x08003100   0x0000174e   Code   RO         1138    .text.REG_932X_Init  lcd.o
    0x0800484e   0x0800484e   0x00000002   PAD
    0x08004850   0x08004850   0x00000002   Code   RO           76    .text.SVC_Handler   stm32g4xx_it.o
    0x08004852   0x08004852   0x00000002   PAD
    0x08004854   0x08004854   0x00000004   Code   RO           82    .text.SysTick_Handler  stm32g4xx_it.o
    0x08004858   0x08004858   0x00000012   Code   RO         1117    .text.SystemInit    system_stm32g4xx.o
    0x0800486a   0x0800486a   0x00000002   PAD
    0x0800486c   0x0800486c   0x0000000c   Code   RO           86    .text.TIM6_DAC_IRQHandler  stm32g4xx_it.o
    0x08004878   0x08004878   0x00000114   Code   RO          747    .text.TIM_Base_SetConfig  stm32g4xx_hal_tim.o
    0x0800498c   0x0800498c   0x00000002   Code   RO           74    .text.UsageFault_Handler  stm32g4xx_it.o
    0x0800498e   0x0800498e   0x00000002   PAD
    0x08004990   0x08004990   0x00000098   Code   RO         1208    .text.led_init      led.o
    0x08004a28   0x08004a28   0x00000096   Code   RO           11    .text.main          main.o
    0x08004abe   0x08004abe   0x0000001a   Code   RO         1320    x$fpl$fpinit        fz_wm.l(fpinit.o)
    0x08004ad8   0x08004ad8   0x00000010   Data   RO         1122    .rodata.AHBPrescTable  system_stm32g4xx.o
    0x08004ae8   0x08004ae8   0x00000020   Data   RO         1395    Region$$Table       anon$$obj.o


    Execution Region RW_IRAM1 (Exec base: 0x20000000, Load base: 0x08004b08, Size: 0x00000730, Max: 0x00008000, ABSOLUTE)

    Exec Addr    Load Addr    Size         Type   Attr      Idx    E Section Name        Object

    0x20000000   0x08004b08   0x00000002   Data   RW         1197    .data.BackColor     lcd.o
    0x20000002   0x08004b0a   0x00000002   PAD
    0x20000004   0x08004b0c   0x00000004   Data   RW         1121    .data.SystemCoreClock  system_stm32g4xx.o
    0x20000008   0x08004b10   0x00000004   Data   RW          311    .data.uwTickFreq    stm32g4xx_hal.o
    0x2000000c   0x08004b14   0x00000004   Data   RW          310    .data.uwTickPrio    stm32g4xx_hal.o
    0x20000010        -       0x00000060   Zero   RW         1260    .bss                c_w.l(libspace.o)
    0x20000070        -       0x00000002   Zero   RW         1196    .bss.TextColor      lcd.o
    0x20000072        -       0x00000002   Zero   RW         1195    .bss.dummy          lcd.o
    0x20000074        -       0x0000006c   Zero   RW           42    .bss.hadc2          adc.o
    0x200000e0        -       0x0000004c   Zero   RW           57    .bss.htim6          tim.o
    0x2000012c        -       0x00000004   Zero   RW          312    .bss.uwTick         stm32g4xx_hal.o
    0x20000130        -       0x00000200   Zero   RW            2    HEAP                startup_stm32g431xx.o
    0x20000330        -       0x00000400   Zero   RW            1    STACK               startup_stm32g431xx.o


==============================================================================

Image component sizes


      Code (inc. data)   RO Data    RW Data    ZI Data      Debug   Object Name

       284          0          0          0        108       9203   adc.o
       116          0          0          0          0       2448   gpio.o
     10320          0          0          2          4      31844   lcd.o
       152          0          0          0          0       3776   led.o
       160          0          0          0          0       2966   main.o
        64         26        472          0       1536        856   startup_stm32g431xx.o
       192          0          0          8          4       8879   stm32g4xx_hal.o
      2100          0          0          0          0      26121   stm32g4xx_hal_adc.o
        10          0          0          0          0      22533   stm32g4xx_hal_adc_ex.o
       196          0          0          0          0      10197   stm32g4xx_hal_cortex.o
       424          0          0          0          0       5253   stm32g4xx_hal_gpio.o
        52          0          0          0          0       1761   stm32g4xx_hal_msp.o
       310          0          0          0          0       9607   stm32g4xx_hal_pwr_ex.o
      1948          0          0          0          0       9942   stm32g4xx_hal_rcc.o
       610          0          0          0          0      10481   stm32g4xx_hal_rcc_ex.o
       838          0          0          0          0      61390   stm32g4xx_hal_tim.o
       180          0          0          0          0      29616   stm32g4xx_hal_tim_ex.o
        44          0          0          0          0       7011   stm32g4xx_it.o
        18          0         16          4          0       2765   system_stm32g4xx.o
       148          0          0          0         76       7788   tim.o

    ----------------------------------------------------------------------
     18258         26        520         16       1728     264437   Object Totals
         0          0         32          0          0          0   (incl. Generated)
        92          0          0          2          0          0   (incl. Padding)

    ----------------------------------------------------------------------

      Code (inc. data)   RO Data    RW Data    ZI Data      Debug   Library Member Name

         8          0          0          0          0         68   __main.o
         0          0          0          0          0          0   __rtentry.o
        12          0          0          0          0          0   __rtentry2.o
         6          0          0          0          0          0   __rtentry4.o
        94          8          0          0          0          0   __scatter.o
        26          0          0          0          0          0   __scatter_copy.o
        28          0          0          0          0          0   __scatter_zi.o
        18          0          0          0          0         80   exit.o
         6          0          0          0          0        152   heapauxi.o
         0          0          0          0          0          0   indicate_semi.o
         2          0          0          0          0          0   libinit.o
         6          0          0          0          0          0   libinit2.o
         2          0          0          0          0          0   libshutdown.o
         2          0          0          0          0          0   libshutdown2.o
         8          4          0          0         96         68   libspace.o
        78          0          0          0          0         80   rt_memclr_w.o
         2          0          0          0          0          0   rtexit.o
        10          0          0          0          0          0   rtexit2.o
        12          4          0          0          0         68   sys_exit.o
        74          0          0          0          0         80   sys_stackheap_outer.o
         2          0          0          0          0         68   use_no_semi.o
        26          0          0          0          0        116   fpinit.o

    ----------------------------------------------------------------------
       430         16          0          0         96        780   Library Totals
         8          0          0          0          0          0   (incl. Padding)

    ----------------------------------------------------------------------

      Code (inc. data)   RO Data    RW Data    ZI Data      Debug   Library Name

       396         16          0          0         96        664   c_w.l
        26          0          0          0          0        116   fz_wm.l

    ----------------------------------------------------------------------
       430         16          0          0         96        780   Library Totals

    ----------------------------------------------------------------------

==============================================================================


      Code (inc. data)   RO Data    RW Data    ZI Data      Debug   

     18688         42        520         16       1824     264717   Grand Totals
     18688         42        520         16       1824     264717   ELF Image Totals
     18688         42        520         16          0          0   ROM Totals

==============================================================================

    Total RO  Size (Code + RO Data)                19208 (  18.76kB)
    Total RW  Size (RW Data + ZI Data)              1840 (   1.80kB)
    Total ROM Size (Code + RO Data + RW Data)      19224 (  18.77kB)

==============================================================================

